Archive member included to satisfy reference by file (symbol)

c:/st/stm32cubeide_1.10.1/stm32cubeide/plugins/com.st.stm32cube.ide.mcu.externaltools.gnu-tools-for-stm32.10.3-2021.10.win32_1.0.0.202111181127/tools/bin/../lib/gcc/arm-none-eabi/10.3.1/../../../../arm-none-eabi/lib/thumb/v7e-m+fp/hard\libc_nano.a(lib_a-errno.o)
                              ./Core/Src/syscalls.o (__errno)
c:/st/stm32cubeide_1.10.1/stm32cubeide/plugins/com.st.stm32cube.ide.mcu.externaltools.gnu-tools-for-stm32.10.3-2021.10.win32_1.0.0.202111181127/tools/bin/../lib/gcc/arm-none-eabi/10.3.1/../../../../arm-none-eabi/lib/thumb/v7e-m+fp/hard\libc_nano.a(lib_a-exit.o)
                              c:/st/stm32cubeide_1.10.1/stm32cubeide/plugins/com.st.stm32cube.ide.mcu.externaltools.gnu-tools-for-stm32.10.3-2021.10.win32_1.0.0.202111181127/tools/bin/../lib/gcc/arm-none-eabi/10.3.1/../../../../arm-none-eabi/lib/thumb/v7e-m+fp/hard/crt0.o (exit)
c:/st/stm32cubeide_1.10.1/stm32cubeide/plugins/com.st.stm32cube.ide.mcu.externaltools.gnu-tools-for-stm32.10.3-2021.10.win32_1.0.0.202111181127/tools/bin/../lib/gcc/arm-none-eabi/10.3.1/../../../../arm-none-eabi/lib/thumb/v7e-m+fp/hard\libc_nano.a(lib_a-impure.o)
                              c:/st/stm32cubeide_1.10.1/stm32cubeide/plugins/com.st.stm32cube.ide.mcu.externaltools.gnu-tools-for-stm32.10.3-2021.10.win32_1.0.0.202111181127/tools/bin/../lib/gcc/arm-none-eabi/10.3.1/../../../../arm-none-eabi/lib/thumb/v7e-m+fp/hard\libc_nano.a(lib_a-exit.o) (_global_impure_ptr)
c:/st/stm32cubeide_1.10.1/stm32cubeide/plugins/com.st.stm32cube.ide.mcu.externaltools.gnu-tools-for-stm32.10.3-2021.10.win32_1.0.0.202111181127/tools/bin/../lib/gcc/arm-none-eabi/10.3.1/../../../../arm-none-eabi/lib/thumb/v7e-m+fp/hard\libc_nano.a(lib_a-init.o)
                              c:/st/stm32cubeide_1.10.1/stm32cubeide/plugins/com.st.stm32cube.ide.mcu.externaltools.gnu-tools-for-stm32.10.3-2021.10.win32_1.0.0.202111181127/tools/bin/../lib/gcc/arm-none-eabi/10.3.1/../../../../arm-none-eabi/lib/thumb/v7e-m+fp/hard/crt0.o (__libc_init_array)
c:/st/stm32cubeide_1.10.1/stm32cubeide/plugins/com.st.stm32cube.ide.mcu.externaltools.gnu-tools-for-stm32.10.3-2021.10.win32_1.0.0.202111181127/tools/bin/../lib/gcc/arm-none-eabi/10.3.1/../../../../arm-none-eabi/lib/thumb/v7e-m+fp/hard\libc_nano.a(lib_a-memset.o)
                              c:/st/stm32cubeide_1.10.1/stm32cubeide/plugins/com.st.stm32cube.ide.mcu.externaltools.gnu-tools-for-stm32.10.3-2021.10.win32_1.0.0.202111181127/tools/bin/../lib/gcc/arm-none-eabi/10.3.1/../../../../arm-none-eabi/lib/thumb/v7e-m+fp/hard/crt0.o (memset)

Discarded input sections

 .text          0x0000000000000000        0x0 c:/st/stm32cubeide_1.10.1/stm32cubeide/plugins/com.st.stm32cube.ide.mcu.externaltools.gnu-tools-for-stm32.10.3-2021.10.win32_1.0.0.202111181127/tools/bin/../lib/gcc/arm-none-eabi/10.3.1/thumb/v7e-m+fp/hard/crti.o
 .data          0x0000000000000000        0x0 c:/st/stm32cubeide_1.10.1/stm32cubeide/plugins/com.st.stm32cube.ide.mcu.externaltools.gnu-tools-for-stm32.10.3-2021.10.win32_1.0.0.202111181127/tools/bin/../lib/gcc/arm-none-eabi/10.3.1/thumb/v7e-m+fp/hard/crti.o
 .bss           0x0000000000000000        0x0 c:/st/stm32cubeide_1.10.1/stm32cubeide/plugins/com.st.stm32cube.ide.mcu.externaltools.gnu-tools-for-stm32.10.3-2021.10.win32_1.0.0.202111181127/tools/bin/../lib/gcc/arm-none-eabi/10.3.1/thumb/v7e-m+fp/hard/crti.o
 .data          0x0000000000000000        0x4 c:/st/stm32cubeide_1.10.1/stm32cubeide/plugins/com.st.stm32cube.ide.mcu.externaltools.gnu-tools-for-stm32.10.3-2021.10.win32_1.0.0.202111181127/tools/bin/../lib/gcc/arm-none-eabi/10.3.1/thumb/v7e-m+fp/hard/crtbegin.o
 .rodata        0x0000000000000000       0x24 c:/st/stm32cubeide_1.10.1/stm32cubeide/plugins/com.st.stm32cube.ide.mcu.externaltools.gnu-tools-for-stm32.10.3-2021.10.win32_1.0.0.202111181127/tools/bin/../lib/gcc/arm-none-eabi/10.3.1/thumb/v7e-m+fp/hard/crtbegin.o
 .text          0x0000000000000000       0x7c c:/st/stm32cubeide_1.10.1/stm32cubeide/plugins/com.st.stm32cube.ide.mcu.externaltools.gnu-tools-for-stm32.10.3-2021.10.win32_1.0.0.202111181127/tools/bin/../lib/gcc/arm-none-eabi/10.3.1/../../../../arm-none-eabi/lib/thumb/v7e-m+fp/hard/crt0.o
 .data          0x0000000000000000        0x0 c:/st/stm32cubeide_1.10.1/stm32cubeide/plugins/com.st.stm32cube.ide.mcu.externaltools.gnu-tools-for-stm32.10.3-2021.10.win32_1.0.0.202111181127/tools/bin/../lib/gcc/arm-none-eabi/10.3.1/../../../../arm-none-eabi/lib/thumb/v7e-m+fp/hard/crt0.o
 .bss           0x0000000000000000        0x0 c:/st/stm32cubeide_1.10.1/stm32cubeide/plugins/com.st.stm32cube.ide.mcu.externaltools.gnu-tools-for-stm32.10.3-2021.10.win32_1.0.0.202111181127/tools/bin/../lib/gcc/arm-none-eabi/10.3.1/../../../../arm-none-eabi/lib/thumb/v7e-m+fp/hard/crt0.o
[...]
Memory Configuration

Name             Origin             Length             Attributes
RAM              0x0000000020000000 0x0000000000010000 xrw
RAM2             0x0000000010000000 0x0000000000004000 xrw
FLASH            0x0000000008000000 0x0000000000010000 xr
*default*        0x0000000000000000 0xffffffffffffffff

Linker script and memory map

LOAD c:/st/stm32cubeide_1.10.1/stm32cubeide/plugins/com.st.stm32cube.ide.mcu.externaltools.gnu-tools-for-stm32.10.3-2021.10.win32_1.0.0.202111181127/tools/bin/../lib/gcc/arm-none-eabi/10.3.1/thumb/v7e-m+fp/hard/crti.o
LOAD c:/st/stm32cubeide_1.10.1/stm32cubeide/plugins/com.st.stm32cube.ide.mcu.externaltools.gnu-tools-for-stm32.10.3-2021.10.win32_1.0.0.202111181127/tools/bin/../lib/gcc/arm-none-eabi/10.3.1/thumb/v7e-m+fp/hard/crtbegin.o
LOAD c:/st/stm32cubeide_1.10.1/stm32cubeide/plugins/com.st.stm32cube.ide.mcu.externaltools.gnu-tools-for-stm32.10.3-2021.10.win32_1.0.0.202111181127/tools/bin/../lib/gcc/arm-none-eabi/10.3.1/../../../../arm-none-eabi/lib/thumb/v7e-m+fp/hard/crt0.o
LOAD ./Core/Src/bootloader.o
LOAD ./Core/Src/main.o
LOAD ./Core/Src/stm32l4xx_hal_msp.o
LOAD ./Core/Src/stm32l4xx_it.o
LOAD ./Core/Src/syscalls.o
LOAD ./Core/Src/sysmem.o
LOAD ./Core/Src/system_stm32l4xx.o
LOAD ./Core/Startup/startup_stm32l432kcux.o
LOAD ./Drivers/STM32L4xx_HAL_Driver/Src/stm32l4xx_hal.o
LOAD ./Drivers/STM32L4xx_HAL_Driver/Src/stm32l4xx_hal_cortex.o
LOAD ./Drivers/STM32L4xx_HAL_Driver/Src/stm32l4xx_hal_dma.o
LOAD ./Drivers/STM32L4xx_HAL_Driver/Src/stm32l4xx_hal_dma_ex.o
LOAD ./Drivers/STM32L4xx_HAL_Driver/Src/stm32l4xx_hal_exti.o
LOAD ./Drivers/STM32L4xx_HAL_Driver/Src/stm32l4xx_hal_flash.o
LOAD ./Drivers/STM32L4xx_HAL_Driver/Src/stm32l4xx_hal_flash_ex.o
LOAD ./Drivers/STM32L4xx_HAL_Driver/Src/stm32l4xx_hal_flash_ramfunc.o
LOAD ./Drivers/STM32L4xx_HAL_Driver/Src/stm32l4xx_hal_gpio.o
LOAD ./Drivers/STM32L4xx_HAL_Driver/Src/stm32l4xx_hal_i2c.o
LOAD ./Drivers/STM32L4xx_HAL_Driver/Src/stm32l4xx_hal_i2c_ex.o
LOAD ./Drivers/STM32L4xx_HAL_Driver/Src/stm32l4xx_hal_pcd.o
LOAD ./Drivers/STM32L4xx_HAL_Driver/Src/stm32l4xx_hal_pcd_ex.o
LOAD ./Drivers/STM32L4xx_HAL_Driver/Src/stm32l4xx_hal_pwr.o
LOAD ./Drivers/STM32L4xx_HAL_Driver/Src/stm32l4xx_hal_pwr_ex.o
LOAD ./Drivers/STM32L4xx_HAL_Driver/Src/stm32l4xx_hal_rcc.o
LOAD ./Drivers/STM32L4xx_HAL_Driver/Src/stm32l4xx_hal_rcc_ex.o
LOAD ./Drivers/STM32L4xx_HAL_Driver/Src/stm32l4xx_hal_tim.o
LOAD ./Drivers/STM32L4xx_HAL_Driver/Src/stm32l4xx_hal_tim_ex.o
LOAD ./Drivers/STM32L4xx_HAL_Driver/Src/stm32l4xx_ll_usb.o
LOAD ./Middlewares/ST/STM32_USB_Device_Library/Class/CDC/Src/usbd_cdc.o
LOAD ./Middlewares/ST/STM32_USB_Device_Library/Core/Src/usbd_core.o
LOAD ./Middlewares/ST/STM32_USB_Device_Library/Core/Src/usbd_ctlreq.o
LOAD ./Middlewares/ST/STM32_USB_Device_Library/Core/Src/usbd_ioreq.o
LOAD ./USB_DEVICE/App/usb_device.o
LOAD ./USB_DEVICE/App/usbd_cdc_if.o
LOAD ./USB_DEVICE/App/usbd_desc.o
LOAD ./USB_DEVICE/Target/usbd_conf.o
START GROUP
LOAD c:/st/stm32cubeide_1.10.1/stm32cubeide/plugins/com.st.stm32cube.ide.mcu.externaltools.gnu-tools-for-stm32.10.3-2021.10.win32_1.0.0.202111181127/tools/bin/../lib/gcc/arm-none-eabi/10.3.1/../../../../arm-none-eabi/lib/thumb/v7e-m+fp/hard\libc_nano.a
LOAD c:/st/stm32cubeide_1.10.1/stm32cubeide/plugins/com.st.stm32cube.ide.mcu.externaltools.gnu-tools-for-stm32.10.3-2021.10.win32_1.0.0.202111181127/tools/bin/../lib/gcc/arm-none-eabi/10.3.1/../../../../arm-none-eabi/lib/thumb/v7e-m+fp/hard\libm.a
END GROUP
START GROUP
LOAD c:/st/stm32cubeide_1.10.1/stm32cubeide/plugins/com.st.stm32cube.ide.mcu.externaltools.gnu-tools-for-stm32.10.3-2021.10.win32_1.0.0.202111181127/tools/bin/../lib/gcc/arm-none-eabi/10.3.1/thumb/v7e-m+fp/hard\libgcc.a
LOAD c:/st/stm32cubeide_1.10.1/stm32cubeide/plugins/com.st.stm32cube.ide.mcu.externaltools.gnu-tools-for-stm32.10.3-2021.10.win32_1.0.0.202111181127/tools/bin/../lib/gcc/arm-none-eabi/10.3.1/../../../../arm-none-eabi/lib/thumb/v7e-m+fp/hard\libc_nano.a
END GROUP
START GROUP
LOAD c:/st/stm32cubeide_1.10.1/stm32cubeide/plugins/com.st.stm32cube.ide.mcu.externaltools.gnu-tools-for-stm32.10.3-2021.10.win32_1.0.0.202111181127/tools/bin/../lib/gcc/arm-none-eabi/10.3.1/thumb/v7e-m+fp/hard\libgcc.a
LOAD c:/st/stm32cubeide_1.10.1/stm32cubeide/plugins/com.st.stm32cube.ide.mcu.externaltools.gnu-tools-for-stm32.10.3-2021.10.win32_1.0.0.202111181127/tools/bin/../lib/gcc/arm-none-eabi/10.3.1/../../../../arm-none-eabi/lib/thumb/v7e-m+fp/hard\libc_nano.a
LOAD c:/st/stm32cubeide_1.10.1/stm32cubeide/plugins/com.st.stm32cube.ide.mcu.externaltools.gnu-tools-for-stm32.10.3-2021.10.win32_1.0.0.202111181127/tools/bin/../lib/gcc/arm-none-eabi/10.3.1/../../../../arm-none-eabi/lib/thumb/v7e-m+fp/hard\libnosys.a
END GROUP
START GROUP
LOAD c:/st/stm32cubeide_1.10.1/stm32cubeide/plugins/com.st.stm32cube.ide.mcu.externaltools.gnu-tools-for-stm32.10.3-2021.10.win32_1.0.0.202111181127/tools/bin/../lib/gcc/arm-none-eabi/10.3.1/thumb/v7e-m+fp/hard\libgcc.a
LOAD c:/st/stm32cubeide_1.10.1/stm32cubeide/plugins/com.st.stm32cube.ide.mcu.externaltools.gnu-tools-for-stm32.10.3-2021.10.win32_1.0.0.202111181127/tools/bin/../lib/gcc/arm-none-eabi/10.3.1/../../../../arm-none-eabi/lib/thumb/v7e-m+fp/hard\libc_nano.a
LOAD c:/st/stm32cubeide_1.10.1/stm32cubeide/plugins/com.st.stm32cube.ide.mcu.externaltools.gnu-tools-for-stm32.10.3-2021.10.win32_1.0.0.202111181127/tools/bin/../lib/gcc/arm-none-eabi/10.3.1/../../../../arm-none-eabi/lib/thumb/v7e-m+fp/hard\libnosys.a
END GROUP
LOAD c:/st/stm32cubeide_1.10.1/stm32cubeide/plugins/com.st.stm32cube.ide.mcu.externaltools.gnu-tools-for-stm32.10.3-2021.10.win32_1.0.0.202111181127/tools/bin/../lib/gcc/arm-none-eabi/10.3.1/thumb/v7e-m+fp/hard/crtend.o
LOAD c:/st/stm32cubeide_1.10.1/stm32cubeide/plugins/com.st.stm32cube.ide.mcu.externaltools.gnu-tools-for-stm32.10.3-2021.10.win32_1.0.0.202111181127/tools/bin/../lib/gcc/arm-none-eabi/10.3.1/thumb/v7e-m+fp/hard/crtn.o
                0x0000000020010000                _estack = (ORIGIN (RAM) + LENGTH (RAM))
                0x0000000000000200                _Min_Heap_Size = 0x200
                0x0000000000000400                _Min_Stack_Size = 0x400

.isr_vector     0x0000000008000000      0x18c
                0x0000000008000000                . = ALIGN (0x4)
 *(.isr_vector)
 .isr_vector    0x0000000008000000      0x18c ./Core/Startup/startup_stm32l432kcux.o
                0x0000000008000000                g_pfnVectors
                0x000000000800018c                . = ALIGN (0x4)

.text           0x000000000800018c     0x87a4
                0x000000000800018c                . = ALIGN (0x4)
 *(.text)
 .text          0x000000000800018c       0x40 c:/st/stm32cubeide_1.10.1/stm32cubeide/plugins/com.st.stm32cube.ide.mcu.externaltools.gnu-tools-for-stm32.10.3-2021.10.win32_1.0.0.202111181127/tools/bin/../lib/gcc/arm-none-eabi/10.3.1/thumb/v7e-m+fp/hard/crtbegin.o
 *(.text*)
 .text.bootloaderInit
                0x00000000080001cc       0x7c ./Core/Src/bootloader.o
                0x00000000080001cc                bootloaderInit
 .text.readWord
                0x0000000008000248       0x1c ./Core/Src/bootloader.o
                0x0000000008000248                readWord
 .text.jumpToApp
                0x0000000008000264       0x26 ./Core/Src/bootloader.o
                0x0000000008000264                jumpToApp
 *fill*         0x000000000800028a        0x2 
 .text.deinitEverything
                0x000000000800028c       0x5c ./Core/Src/bootloader.o
                0x000000000800028c                deinitEverything
 .text.errorBlink
                0x00000000080002e8       0x26 ./Core/Src/bootloader.o
                0x00000000080002e8                errorBlink
 *fill*         0x000000000800030e        0x2 
 .text.main     0x0000000008000310       0x5c ./Core/Src/main.o
                0x0000000008000310                main
 .text.SystemClock_Config
                0x000000000800036c       0xc8 ./Core/Src/main.o
                0x000000000800036c                SystemClock_Config
 .text.MX_GPIO_Init
                0x0000000008000434       0xb4 ./Core/Src/main.o
 .text.Error_Handler
                0x00000000080004e8        0xa ./Core/Src/main.o
                0x00000000080004e8                Error_Handler
 *fill*         0x00000000080004f2        0x2 
 .text.HAL_MspInit
                0x00000000080004f4       0x48 ./Core/Src/stm32l4xx_hal_msp.o
                0x00000000080004f4                HAL_MspInit
 .text.NMI_Handler
                0x000000000800053c        0x6 ./Core/Src/stm32l4xx_it.o
                0x000000000800053c                NMI_Handler
 .text.HardFault_Handler
                0x0000000008000542        0x6 ./Core/Src/stm32l4xx_it.o
                0x0000000008000542                HardFault_Handler
 .text.MemManage_Handler
                0x0000000008000548        0x6 ./Core/Src/stm32l4xx_it.o
                0x0000000008000548                MemManage_Handler
 .text.BusFault_Handler
                0x000000000800054e        0x6 ./Core/Src/stm32l4xx_it.o
                0x000000000800054e                BusFault_Handler
 .text.UsageFault_Handler
                0x0000000008000554        0x6 ./Core/Src/stm32l4xx_it.o
                0x0000000008000554                UsageFault_Handler
 .text.SVC_Handler
                0x000000000800055a        0xe ./Core/Src/stm32l4xx_it.o
                0x000000000800055a                SVC_Handler
 .text.DebugMon_Handler
                0x0000000008000568        0xe ./Core/Src/stm32l4xx_it.o
                0x0000000008000568                DebugMon_Handler
 .text.PendSV_Handler
                0x0000000008000576        0xe ./Core/Src/stm32l4xx_it.o
                0x0000000008000576                PendSV_Handler
 .text.SysTick_Handler
                0x0000000008000584        0xc ./Core/Src/stm32l4xx_it.o
                0x0000000008000584                SysTick_Handler
 .text.USB_IRQHandler
                0x0000000008000590       0x14 ./Core/Src/stm32l4xx_it.o
                0x0000000008000590                USB_IRQHandler
 .text.SystemInit
                0x00000000080005a4       0x24 ./Core/Src/system_stm32l4xx.o
                0x00000000080005a4                SystemInit
 .text.Reset_Handler
                0x00000000080005c8       0x50 ./Core/Startup/startup_stm32l432kcux.o
                0x00000000080005c8                Reset_Handler
 .text.Default_Handler
                0x0000000008000618        0x2 ./Core/Startup/startup_stm32l432kcux.o
                0x0000000008000618                RTC_Alarm_IRQHandler
                0x0000000008000618                EXTI2_IRQHandler
                0x0000000008000618                TIM1_CC_IRQHandler
                0x0000000008000618                TSC_IRQHandler
                0x0000000008000618                TAMP_STAMP_IRQHandler
                0x0000000008000618                EXTI3_IRQHandler
                0x0000000008000618                LPTIM2_IRQHandler
                0x0000000008000618                I2C3_ER_IRQHandler
                0x0000000008000618                EXTI0_IRQHandler
                0x0000000008000618                CAN1_RX0_IRQHandler
                0x0000000008000618                FPU_IRQHandler
                0x0000000008000618                TIM1_UP_TIM16_IRQHandler
                0x0000000008000618                SPI1_IRQHandler
                0x0000000008000618                TIM6_DAC_IRQHandler
                0x0000000008000618                DMA2_Channel2_IRQHandler
                0x0000000008000618                DMA1_Channel4_IRQHandler
                0x0000000008000618                ADC1_IRQHandler
                0x0000000008000618                DMA1_Channel7_IRQHandler
                0x0000000008000618                CAN1_RX1_IRQHandler
                0x0000000008000618                DMA2_Channel1_IRQHandler
                0x0000000008000618                QUADSPI_IRQHandler
                0x0000000008000618                I2C1_EV_IRQHandler
                0x0000000008000618                DMA1_Channel6_IRQHandler
                0x0000000008000618                DMA2_Channel4_IRQHandler
                0x0000000008000618                RCC_IRQHandler
                0x0000000008000618                TIM1_TRG_COM_IRQHandler
                0x0000000008000618                DMA1_Channel1_IRQHandler
                0x0000000008000618                Default_Handler
                0x0000000008000618                DMA2_Channel7_IRQHandler
                0x0000000008000618                EXTI15_10_IRQHandler
                0x0000000008000618                TIM7_IRQHandler
                0x0000000008000618                I2C3_EV_IRQHandler
                0x0000000008000618                EXTI9_5_IRQHandler
                0x0000000008000618                RTC_WKUP_IRQHandler
                0x0000000008000618                PVD_PVM_IRQHandler
                0x0000000008000618                CAN1_TX_IRQHandler
                0x0000000008000618                DMA2_Channel5_IRQHandler
                0x0000000008000618                CRS_IRQHandler
                0x0000000008000618                DMA1_Channel5_IRQHandler
                0x0000000008000618                EXTI4_IRQHandler
                0x0000000008000618                RNG_IRQHandler
                0x0000000008000618                DMA1_Channel3_IRQHandler
                0x0000000008000618                COMP_IRQHandler
                0x0000000008000618                WWDG_IRQHandler
                0x0000000008000618                LPUART1_IRQHandler
                0x0000000008000618                DMA2_Channel6_IRQHandler
                0x0000000008000618                TIM2_IRQHandler
                0x0000000008000618                EXTI1_IRQHandler
                0x0000000008000618                USART2_IRQHandler
                0x0000000008000618                DMA1_Channel2_IRQHandler
                0x0000000008000618                CAN1_SCE_IRQHandler
                0x0000000008000618                FLASH_IRQHandler
                0x0000000008000618                USART1_IRQHandler
                0x0000000008000618                SPI3_IRQHandler
                0x0000000008000618                I2C1_ER_IRQHandler
                0x0000000008000618                SWPMI1_IRQHandler
                0x0000000008000618                LPTIM1_IRQHandler
                0x0000000008000618                SAI1_IRQHandler
                0x0000000008000618                DMA2_Channel3_IRQHandler
                0x0000000008000618                TIM1_BRK_TIM15_IRQHandler
 .text.HAL_Init
                0x000000000800061a       0x30 ./Drivers/STM32L4xx_HAL_Driver/Src/stm32l4xx_hal.o
                0x000000000800061a                HAL_Init
 *fill*         0x000000000800064a        0x2 
 .text.HAL_DeInit
                0x000000000800064c       0x68 ./Drivers/STM32L4xx_HAL_Driver/Src/stm32l4xx_hal.o
                0x000000000800064c                HAL_DeInit
 .text.HAL_MspDeInit
                0x00000000080006b4        0xe ./Drivers/STM32L4xx_HAL_Driver/Src/stm32l4xx_hal.o
                0x00000000080006b4                HAL_MspDeInit
 *fill*         0x00000000080006c2        0x2 
 .text.HAL_InitTick
                0x00000000080006c4       0x78 ./Drivers/STM32L4xx_HAL_Driver/Src/stm32l4xx_hal.o
                0x00000000080006c4                HAL_InitTick
 .text.HAL_IncTick
                0x000000000800073c       0x28 ./Drivers/STM32L4xx_HAL_Driver/Src/stm32l4xx_hal.o
                0x000000000800073c                HAL_IncTick
 .text.HAL_GetTick
                0x0000000008000764       0x18 ./Drivers/STM32L4xx_HAL_Driver/Src/stm32l4xx_hal.o
                0x0000000008000764                HAL_GetTick
 .text.HAL_Delay
                0x000000000800077c       0x48 ./Drivers/STM32L4xx_HAL_Driver/Src/stm32l4xx_hal.o
                0x000000000800077c                HAL_Delay
 .text.__NVIC_SetPriorityGrouping
                0x00000000080007c4       0x48 ./Drivers/STM32L4xx_HAL_Driver/Src/stm32l4xx_hal_cortex.o
 .text.__NVIC_GetPriorityGrouping
                0x000000000800080c       0x1c ./Drivers/STM32L4xx_HAL_Driver/Src/stm32l4xx_hal_cortex.o
 .text.__NVIC_EnableIRQ
                0x0000000008000828       0x3c ./Drivers/STM32L4xx_HAL_Driver/Src/stm32l4xx_hal_cortex.o
 .text.__NVIC_SetPriority
                0x0000000008000864       0x54 ./Drivers/STM32L4xx_HAL_Driver/Src/stm32l4xx_hal_cortex.o
 .text.NVIC_EncodePriority
                0x00000000080008b8       0x66 ./Drivers/STM32L4xx_HAL_Driver/Src/stm32l4xx_hal_cortex.o
 *fill*         0x000000000800091e        0x2 
 .text.SysTick_Config
                0x0000000008000920       0x44 ./Drivers/STM32L4xx_HAL_Driver/Src/stm32l4xx_hal_cortex.o
 .text.HAL_NVIC_SetPriorityGrouping
                0x0000000008000964       0x16 ./Drivers/STM32L4xx_HAL_Driver/Src/stm32l4xx_hal_cortex.o
                0x0000000008000964                HAL_NVIC_SetPriorityGrouping
 .text.HAL_NVIC_SetPriority
                0x000000000800097a       0x38 ./Drivers/STM32L4xx_HAL_Driver/Src/stm32l4xx_hal_cortex.o
                0x000000000800097a                HAL_NVIC_SetPriority
 .text.HAL_NVIC_EnableIRQ
                0x00000000080009b2       0x1c ./Drivers/STM32L4xx_HAL_Driver/Src/stm32l4xx_hal_cortex.o
                0x00000000080009b2                HAL_NVIC_EnableIRQ
 .text.HAL_SYSTICK_Config
                0x00000000080009ce       0x18 ./Drivers/STM32L4xx_HAL_Driver/Src/stm32l4xx_hal_cortex.o
                0x00000000080009ce                HAL_SYSTICK_Config
 *fill*         0x00000000080009e6        0x2 
 .text.HAL_FLASH_Unlock
                0x00000000080009e8       0x44 ./Drivers/STM32L4xx_HAL_Driver/Src/stm32l4xx_hal_flash.o
                0x00000000080009e8                HAL_FLASH_Unlock
 .text.HAL_GPIO_Init
                0x0000000008000a2c      0x2d4 ./Drivers/STM32L4xx_HAL_Driver/Src/stm32l4xx_hal_gpio.o
                0x0000000008000a2c                HAL_GPIO_Init
 .text.HAL_GPIO_DeInit
                0x0000000008000d00      0x194 ./Drivers/STM32L4xx_HAL_Driver/Src/stm32l4xx_hal_gpio.o
                0x0000000008000d00                HAL_GPIO_DeInit
 .text.HAL_GPIO_ReadPin
                0x0000000008000e94       0x30 ./Drivers/STM32L4xx_HAL_Driver/Src/stm32l4xx_hal_gpio.o
                0x0000000008000e94                HAL_GPIO_ReadPin
 .text.HAL_GPIO_WritePin
                0x0000000008000ec4       0x30 ./Drivers/STM32L4xx_HAL_Driver/Src/stm32l4xx_hal_gpio.o
                0x0000000008000ec4                HAL_GPIO_WritePin
 .text.HAL_GPIO_TogglePin
                0x0000000008000ef4       0x34 ./Drivers/STM32L4xx_HAL_Driver/Src/stm32l4xx_hal_gpio.o
                0x0000000008000ef4                HAL_GPIO_TogglePin
 .text.HAL_PCD_Init
                0x0000000008000f28      0x22e ./Drivers/STM32L4xx_HAL_Driver/Src/stm32l4xx_hal_pcd.o
                0x0000000008000f28                HAL_PCD_Init
 .text.HAL_PCD_Start
                0x0000000008001156       0x44 ./Drivers/STM32L4xx_HAL_Driver/Src/stm32l4xx_hal_pcd.o
                0x0000000008001156                HAL_PCD_Start
 .text.HAL_PCD_IRQHandler
                0x000000000800119a      0x24e ./Drivers/STM32L4xx_HAL_Driver/Src/stm32l4xx_hal_pcd.o
                0x000000000800119a                HAL_PCD_IRQHandler
 .text.HAL_PCD_SetAddress
                0x00000000080013e8       0x4a ./Drivers/STM32L4xx_HAL_Driver/Src/stm32l4xx_hal_pcd.o
                0x00000000080013e8                HAL_PCD_SetAddress
 .text.HAL_PCD_EP_Open
                0x0000000008001432       0xd0 ./Drivers/STM32L4xx_HAL_Driver/Src/stm32l4xx_hal_pcd.o
                0x0000000008001432                HAL_PCD_EP_Open
 .text.HAL_PCD_EP_Close
                0x0000000008001502       0x94 ./Drivers/STM32L4xx_HAL_Driver/Src/stm32l4xx_hal_pcd.o
                0x0000000008001502                HAL_PCD_EP_Close
 .text.HAL_PCD_EP_Receive
                0x0000000008001596       0x7c ./Drivers/STM32L4xx_HAL_Driver/Src/stm32l4xx_hal_pcd.o
                0x0000000008001596                HAL_PCD_EP_Receive
 .text.HAL_PCD_EP_GetRxCount
                0x0000000008001612       0x30 ./Drivers/STM32L4xx_HAL_Driver/Src/stm32l4xx_hal_pcd.o
                0x0000000008001612                HAL_PCD_EP_GetRxCount
 .text.HAL_PCD_EP_Transmit
                0x0000000008001642       0x88 ./Drivers/STM32L4xx_HAL_Driver/Src/stm32l4xx_hal_pcd.o
                0x0000000008001642                HAL_PCD_EP_Transmit
 .text.HAL_PCD_EP_SetStall
                0x00000000080016ca       0xc4 ./Drivers/STM32L4xx_HAL_Driver/Src/stm32l4xx_hal_pcd.o
                0x00000000080016ca                HAL_PCD_EP_SetStall
 .text.HAL_PCD_EP_ClrStall
                0x000000000800178e       0xac ./Drivers/STM32L4xx_HAL_Driver/Src/stm32l4xx_hal_pcd.o
                0x000000000800178e                HAL_PCD_EP_ClrStall
 .text.PCD_EP_ISR_Handler
                0x000000000800183a      0x77a ./Drivers/STM32L4xx_HAL_Driver/Src/stm32l4xx_hal_pcd.o
 .text.HAL_PCD_EP_DB_Receive
                0x0000000008001fb4      0x212 ./Drivers/STM32L4xx_HAL_Driver/Src/stm32l4xx_hal_pcd.o
 .text.HAL_PCD_EP_DB_Transmit
                0x00000000080021c6      0x79c ./Drivers/STM32L4xx_HAL_Driver/Src/stm32l4xx_hal_pcd.o
 .text.HAL_PCDEx_PMAConfig
                0x0000000008002962       0x8a ./Drivers/STM32L4xx_HAL_Driver/Src/stm32l4xx_hal_pcd_ex.o
                0x0000000008002962                HAL_PCDEx_PMAConfig
 .text.HAL_PCDEx_ActivateLPM
                0x00000000080029ec       0x54 ./Drivers/STM32L4xx_HAL_Driver/Src/stm32l4xx_hal_pcd_ex.o
                0x00000000080029ec                HAL_PCDEx_ActivateLPM
 .text.HAL_PWR_EnableBkUpAccess
                0x0000000008002a40       0x20 ./Drivers/STM32L4xx_HAL_Driver/Src/stm32l4xx_hal_pwr.o
                0x0000000008002a40                HAL_PWR_EnableBkUpAccess
 .text.HAL_PWREx_GetVoltageRange
                0x0000000008002a60       0x1c ./Drivers/STM32L4xx_HAL_Driver/Src/stm32l4xx_hal_pwr_ex.o
                0x0000000008002a60                HAL_PWREx_GetVoltageRange
 .text.HAL_PWREx_ControlVoltageScaling
                0x0000000008002a7c       0xac ./Drivers/STM32L4xx_HAL_Driver/Src/stm32l4xx_hal_pwr_ex.o
                0x0000000008002a7c                HAL_PWREx_ControlVoltageScaling
 .text.HAL_PWREx_EnableVddUSB
                0x0000000008002b28       0x20 ./Drivers/STM32L4xx_HAL_Driver/Src/stm32l4xx_hal_pwr_ex.o
                0x0000000008002b28                HAL_PWREx_EnableVddUSB
 .text.HAL_RCC_DeInit
                0x0000000008002b48      0x130 ./Drivers/STM32L4xx_HAL_Driver/Src/stm32l4xx_hal_rcc.o
                0x0000000008002b48                HAL_RCC_DeInit
 .text.HAL_RCC_OscConfig
                0x0000000008002c78      0x828 ./Drivers/STM32L4xx_HAL_Driver/Src/stm32l4xx_hal_rcc.o
                0x0000000008002c78                HAL_RCC_OscConfig
 .text.HAL_RCC_ClockConfig
                0x00000000080034a0      0x200 ./Drivers/STM32L4xx_HAL_Driver/Src/stm32l4xx_hal_rcc.o
                0x00000000080034a0                HAL_RCC_ClockConfig
 .text.HAL_RCC_GetSysClockFreq
                0x00000000080036a0      0x118 ./Drivers/STM32L4xx_HAL_Driver/Src/stm32l4xx_hal_rcc.o
                0x00000000080036a0                HAL_RCC_GetSysClockFreq
 .text.RCC_SetFlashLatencyFromMSIRange
                0x00000000080037b8       0xc0 ./Drivers/STM32L4xx_HAL_Driver/Src/stm32l4xx_hal_rcc.o
 .text.HAL_RCCEx_PeriphCLKConfig
                0x0000000008003878      0x3ec ./Drivers/STM32L4xx_HAL_Driver/Src/stm32l4xx_hal_rcc_ex.o
                0x0000000008003878                HAL_RCCEx_PeriphCLKConfig
 .text.HAL_RCCEx_EnableMSIPLLMode
                0x0000000008003c64       0x20 ./Drivers/STM32L4xx_HAL_Driver/Src/stm32l4xx_hal_rcc_ex.o
                0x0000000008003c64                HAL_RCCEx_EnableMSIPLLMode
 .text.RCCEx_PLLSAI1_Config
                0x0000000008003c84      0x1e4 ./Drivers/STM32L4xx_HAL_Driver/Src/stm32l4xx_hal_rcc_ex.o
 .text.USB_CoreInit
                0x0000000008003e68       0x22 ./Drivers/STM32L4xx_HAL_Driver/Src/stm32l4xx_ll_usb.o
                0x0000000008003e68                USB_CoreInit
 .text.USB_EnableGlobalInt
                0x0000000008003e8a       0x2e ./Drivers/STM32L4xx_HAL_Driver/Src/stm32l4xx_ll_usb.o
                0x0000000008003e8a                USB_EnableGlobalInt
 .text.USB_DisableGlobalInt
                0x0000000008003eb8       0x36 ./Drivers/STM32L4xx_HAL_Driver/Src/stm32l4xx_ll_usb.o
                0x0000000008003eb8                USB_DisableGlobalInt
 .text.USB_SetCurrentMode
                0x0000000008003eee       0x1a ./Drivers/STM32L4xx_HAL_Driver/Src/stm32l4xx_ll_usb.o
                0x0000000008003eee                USB_SetCurrentMode
 .text.USB_DevInit
                0x0000000008003f08       0x42 ./Drivers/STM32L4xx_HAL_Driver/Src/stm32l4xx_ll_usb.o
                0x0000000008003f08                USB_DevInit
 *fill*         0x0000000008003f4a        0x2 
 .text.USB_ActivateEndpoint
                0x0000000008003f4c      0x774 ./Drivers/STM32L4xx_HAL_Driver/Src/stm32l4xx_ll_usb.o
                0x0000000008003f4c                USB_ActivateEndpoint
 .text.USB_DeactivateEndpoint
                0x00000000080046c0      0x3da ./Drivers/STM32L4xx_HAL_Driver/Src/stm32l4xx_ll_usb.o
                0x00000000080046c0                USB_DeactivateEndpoint
 .text.USB_EPStartXfer
                0x0000000008004a9a     0x166c ./Drivers/STM32L4xx_HAL_Driver/Src/stm32l4xx_ll_usb.o
                0x0000000008004a9a                USB_EPStartXfer
 .text.USB_EPSetStall
                0x0000000008006106       0xa2 ./Drivers/STM32L4xx_HAL_Driver/Src/stm32l4xx_ll_usb.o
                0x0000000008006106                USB_EPSetStall
 .text.USB_EPClearStall
                0x00000000080061a8      0x15c ./Drivers/STM32L4xx_HAL_Driver/Src/stm32l4xx_ll_usb.o
                0x00000000080061a8                USB_EPClearStall
 .text.USB_SetDevAddress
                0x0000000008006304       0x28 ./Drivers/STM32L4xx_HAL_Driver/Src/stm32l4xx_ll_usb.o
                0x0000000008006304                USB_SetDevAddress
 .text.USB_DevConnect
                0x000000000800632c       0x2e ./Drivers/STM32L4xx_HAL_Driver/Src/stm32l4xx_ll_usb.o
                0x000000000800632c                USB_DevConnect
 .text.USB_DevDisconnect
                0x000000000800635a       0x2a ./Drivers/STM32L4xx_HAL_Driver/Src/stm32l4xx_ll_usb.o
                0x000000000800635a                USB_DevDisconnect
 .text.USB_ReadInterrupts
                0x0000000008006384       0x20 ./Drivers/STM32L4xx_HAL_Driver/Src/stm32l4xx_ll_usb.o
                0x0000000008006384                USB_ReadInterrupts
 .text.USB_EP0_OutStart
                0x00000000080063a4       0x18 ./Drivers/STM32L4xx_HAL_Driver/Src/stm32l4xx_ll_usb.o
                0x00000000080063a4                USB_EP0_OutStart
 .text.USB_WritePMA
                0x00000000080063bc       0x84 ./Drivers/STM32L4xx_HAL_Driver/Src/stm32l4xx_ll_usb.o
                0x00000000080063bc                USB_WritePMA
 .text.USB_ReadPMA
                0x0000000008006440       0x98 ./Drivers/STM32L4xx_HAL_Driver/Src/stm32l4xx_ll_usb.o
                0x0000000008006440                USB_ReadPMA
 .text.USBD_CDC_Init
                0x00000000080064d8       0xfe ./Middlewares/ST/STM32_USB_Device_Library/Class/CDC/Src/usbd_cdc.o
 .text.USBD_CDC_DeInit
                0x00000000080065d6       0x74 ./Middlewares/ST/STM32_USB_Device_Library/Class/CDC/Src/usbd_cdc.o
 *fill*         0x000000000800664a        0x2 
 .text.USBD_CDC_Setup
                0x000000000800664c      0x190 ./Middlewares/ST/STM32_USB_Device_Library/Class/CDC/Src/usbd_cdc.o
 .text.USBD_CDC_DataIn
                0x00000000080067dc       0xca ./Middlewares/ST/STM32_USB_Device_Library/Class/CDC/Src/usbd_cdc.o
 .text.USBD_CDC_DataOut
                0x00000000080068a6       0x56 ./Middlewares/ST/STM32_USB_Device_Library/Class/CDC/Src/usbd_cdc.o
 .text.USBD_CDC_EP0_RxReady
                0x00000000080068fc       0x5a ./Middlewares/ST/STM32_USB_Device_Library/Class/CDC/Src/usbd_cdc.o
 *fill*         0x0000000008006956        0x2 
 .text.USBD_CDC_GetFSCfgDesc
                0x0000000008006958       0x20 ./Middlewares/ST/STM32_USB_Device_Library/Class/CDC/Src/usbd_cdc.o
 .text.USBD_CDC_GetHSCfgDesc
                0x0000000008006978       0x20 ./Middlewares/ST/STM32_USB_Device_Library/Class/CDC/Src/usbd_cdc.o
 .text.USBD_CDC_GetOtherSpeedCfgDesc
                0x0000000008006998       0x20 ./Middlewares/ST/STM32_USB_Device_Library/Class/CDC/Src/usbd_cdc.o
 .text.USBD_CDC_GetDeviceQualifierDescriptor
                0x00000000080069b8       0x20 ./Middlewares/ST/STM32_USB_Device_Library/Class/CDC/Src/usbd_cdc.o
                0x00000000080069b8                USBD_CDC_GetDeviceQualifierDescriptor
 .text.USBD_CDC_RegisterInterface
                0x00000000080069d8       0x2a ./Middlewares/ST/STM32_USB_Device_Library/Class/CDC/Src/usbd_cdc.o
                0x00000000080069d8                USBD_CDC_RegisterInterface
 .text.USBD_CDC_SetTxBuffer
                0x0000000008006a02       0x3c ./Middlewares/ST/STM32_USB_Device_Library/Class/CDC/Src/usbd_cdc.o
                0x0000000008006a02                USBD_CDC_SetTxBuffer
 .text.USBD_CDC_SetRxBuffer
                0x0000000008006a3e       0x32 ./Middlewares/ST/STM32_USB_Device_Library/Class/CDC/Src/usbd_cdc.o
                0x0000000008006a3e                USBD_CDC_SetRxBuffer
 .text.USBD_CDC_TransmitPacket
                0x0000000008006a70       0x60 ./Middlewares/ST/STM32_USB_Device_Library/Class/CDC/Src/usbd_cdc.o
                0x0000000008006a70                USBD_CDC_TransmitPacket
 .text.USBD_CDC_ReceivePacket
                0x0000000008006ad0       0x54 ./Middlewares/ST/STM32_USB_Device_Library/Class/CDC/Src/usbd_cdc.o
                0x0000000008006ad0                USBD_CDC_ReceivePacket
 .text.USBD_Init
                0x0000000008006b24       0x60 ./Middlewares/ST/STM32_USB_Device_Library/Core/Src/usbd_core.o
                0x0000000008006b24                USBD_Init
 .text.USBD_RegisterClass
                0x0000000008006b84       0x4e ./Middlewares/ST/STM32_USB_Device_Library/Core/Src/usbd_core.o
                0x0000000008006b84                USBD_RegisterClass
 .text.USBD_Start
                0x0000000008006bd2       0x18 ./Middlewares/ST/STM32_USB_Device_Library/Core/Src/usbd_core.o
                0x0000000008006bd2                USBD_Start
 .text.USBD_RunTestMode
                0x0000000008006bea       0x16 ./Middlewares/ST/STM32_USB_Device_Library/Core/Src/usbd_core.o
                0x0000000008006bea                USBD_RunTestMode
 .text.USBD_SetClassConfig
                0x0000000008006c00       0x38 ./Middlewares/ST/STM32_USB_Device_Library/Core/Src/usbd_core.o
                0x0000000008006c00                USBD_SetClassConfig
 .text.USBD_ClrClassConfig
                0x0000000008006c38       0x30 ./Middlewares/ST/STM32_USB_Device_Library/Core/Src/usbd_core.o
                0x0000000008006c38                USBD_ClrClassConfig
 .text.USBD_LL_SetupStage
                0x0000000008006c68       0xaa ./Middlewares/ST/STM32_USB_Device_Library/Core/Src/usbd_core.o
                0x0000000008006c68                USBD_LL_SetupStage
 .text.USBD_LL_DataOutStage
                0x0000000008006d12       0xc6 ./Middlewares/ST/STM32_USB_Device_Library/Core/Src/usbd_core.o
                0x0000000008006d12                USBD_LL_DataOutStage
 .text.USBD_LL_DataInStage
                0x0000000008006dd8      0x12c ./Middlewares/ST/STM32_USB_Device_Library/Core/Src/usbd_core.o
                0x0000000008006dd8                USBD_LL_DataInStage
 .text.USBD_LL_Reset
                0x0000000008006f04       0x9c ./Middlewares/ST/STM32_USB_Device_Library/Core/Src/usbd_core.o
                0x0000000008006f04                USBD_LL_Reset
 .text.USBD_LL_SetSpeed
                0x0000000008006fa0       0x20 ./Middlewares/ST/STM32_USB_Device_Library/Core/Src/usbd_core.o
                0x0000000008006fa0                USBD_LL_SetSpeed
 .text.USBD_LL_Suspend
                0x0000000008006fc0       0x2c ./Middlewares/ST/STM32_USB_Device_Library/Core/Src/usbd_core.o
                0x0000000008006fc0                USBD_LL_Suspend
 .text.USBD_LL_Resume
                0x0000000008006fec       0x30 ./Middlewares/ST/STM32_USB_Device_Library/Core/Src/usbd_core.o
                0x0000000008006fec                USBD_LL_Resume
 .text.USBD_LL_SOF
                0x000000000800701c       0x44 ./Middlewares/ST/STM32_USB_Device_Library/Core/Src/usbd_core.o
                0x000000000800701c                USBD_LL_SOF
 .text.SWAPBYTE
                0x0000000008007060       0x3c ./Middlewares/ST/STM32_USB_Device_Library/Core/Src/usbd_ctlreq.o
 .text.USBD_StdDevReq
                0x000000000800709c       0xdc ./Middlewares/ST/STM32_USB_Device_Library/Core/Src/usbd_ctlreq.o
                0x000000000800709c                USBD_StdDevReq
 .text.USBD_StdItfReq
                0x0000000008007178       0x92 ./Middlewares/ST/STM32_USB_Device_Library/Core/Src/usbd_ctlreq.o
                0x0000000008007178                USBD_StdItfReq
 .text.USBD_StdEPReq
                0x000000000800720a      0x2c4 ./Middlewares/ST/STM32_USB_Device_Library/Core/Src/usbd_ctlreq.o
                0x000000000800720a                USBD_StdEPReq
 *fill*         0x00000000080074ce        0x2 
 .text.USBD_GetDescriptor
                0x00000000080074d0      0x328 ./Middlewares/ST/STM32_USB_Device_Library/Core/Src/usbd_ctlreq.o
 .text.USBD_SetAddress
                0x00000000080077f8       0x88 ./Middlewares/ST/STM32_USB_Device_Library/Core/Src/usbd_ctlreq.o
 .text.USBD_SetConfig
                0x0000000008007880      0x14c ./Middlewares/ST/STM32_USB_Device_Library/Core/Src/usbd_ctlreq.o
 .text.USBD_GetConfig
                0x00000000080079cc       0x6c ./Middlewares/ST/STM32_USB_Device_Library/Core/Src/usbd_ctlreq.o
 .text.USBD_GetStatus
                0x0000000008007a38       0x68 ./Middlewares/ST/STM32_USB_Device_Library/Core/Src/usbd_ctlreq.o
 .text.USBD_SetFeature
                0x0000000008007aa0       0x28 ./Middlewares/ST/STM32_USB_Device_Library/Core/Src/usbd_ctlreq.o
 .text.USBD_ClrFeature
                0x0000000008007ac8       0x44 ./Middlewares/ST/STM32_USB_Device_Library/Core/Src/usbd_ctlreq.o
 .text.USBD_ParseSetupRequest
                0x0000000008007b0c       0x74 ./Middlewares/ST/STM32_USB_Device_Library/Core/Src/usbd_ctlreq.o
                0x0000000008007b0c                USBD_ParseSetupRequest
 .text.USBD_CtlError
                0x0000000008007b80       0x22 ./Middlewares/ST/STM32_USB_Device_Library/Core/Src/usbd_ctlreq.o
                0x0000000008007b80                USBD_CtlError
 .text.USBD_GetString
                0x0000000008007ba2       0x8c ./Middlewares/ST/STM32_USB_Device_Library/Core/Src/usbd_ctlreq.o
                0x0000000008007ba2                USBD_GetString
 .text.USBD_GetLen
                0x0000000008007c2e       0x34 ./Middlewares/ST/STM32_USB_Device_Library/Core/Src/usbd_ctlreq.o
 .text.USBD_CtlSendData
                0x0000000008007c62       0x36 ./Middlewares/ST/STM32_USB_Device_Library/Core/Src/usbd_ioreq.o
                0x0000000008007c62                USBD_CtlSendData
 .text.USBD_CtlContinueSendData
                0x0000000008007c98       0x22 ./Middlewares/ST/STM32_USB_Device_Library/Core/Src/usbd_ioreq.o
                0x0000000008007c98                USBD_CtlContinueSendData
 .text.USBD_CtlPrepareRx
                0x0000000008007cba       0x3a ./Middlewares/ST/STM32_USB_Device_Library/Core/Src/usbd_ioreq.o
                0x0000000008007cba                USBD_CtlPrepareRx
 .text.USBD_CtlContinueRx
                0x0000000008007cf4       0x22 ./Middlewares/ST/STM32_USB_Device_Library/Core/Src/usbd_ioreq.o
                0x0000000008007cf4                USBD_CtlContinueRx
 .text.USBD_CtlSendStatus
                0x0000000008007d16       0x26 ./Middlewares/ST/STM32_USB_Device_Library/Core/Src/usbd_ioreq.o
                0x0000000008007d16                USBD_CtlSendStatus
 .text.USBD_CtlReceiveStatus
                0x0000000008007d3c       0x26 ./Middlewares/ST/STM32_USB_Device_Library/Core/Src/usbd_ioreq.o
                0x0000000008007d3c                USBD_CtlReceiveStatus
 *fill*         0x0000000008007d62        0x2 
 .text.MX_USB_DEVICE_Init
                0x0000000008007d64       0x60 ./USB_DEVICE/App/usb_device.o
                0x0000000008007d64                MX_USB_DEVICE_Init
 .text.CDC_Init_FS
                0x0000000008007dc4       0x28 ./USB_DEVICE/App/usbd_cdc_if.o
 .text.CDC_DeInit_FS
                0x0000000008007dec       0x10 ./USB_DEVICE/App/usbd_cdc_if.o
 .text.CDC_Control_FS
                0x0000000008007dfc       0xbc ./USB_DEVICE/App/usbd_cdc_if.o
 .text.CDC_Receive_FS
                0x0000000008007eb8       0x28 ./USB_DEVICE/App/usbd_cdc_if.o
 .text.CDC_Transmit_FS
                0x0000000008007ee0       0x4c ./USB_DEVICE/App/usbd_cdc_if.o
                0x0000000008007ee0                CDC_Transmit_FS
 .text.CDC_TransmitCplt_FS
                0x0000000008007f2c       0x22 ./USB_DEVICE/App/usbd_cdc_if.o
 *fill*         0x0000000008007f4e        0x2 
 .text.USBD_FS_DeviceDescriptor
                0x0000000008007f50       0x24 ./USB_DEVICE/App/usbd_desc.o
                0x0000000008007f50                USBD_FS_DeviceDescriptor
 .text.USBD_FS_LangIDStrDescriptor
                0x0000000008007f74       0x24 ./USB_DEVICE/App/usbd_desc.o
                0x0000000008007f74                USBD_FS_LangIDStrDescriptor
 .text.USBD_FS_ProductStrDescriptor
                0x0000000008007f98       0x3c ./USB_DEVICE/App/usbd_desc.o
                0x0000000008007f98                USBD_FS_ProductStrDescriptor
 .text.USBD_FS_ManufacturerStrDescriptor
                0x0000000008007fd4       0x28 ./USB_DEVICE/App/usbd_desc.o
                0x0000000008007fd4                USBD_FS_ManufacturerStrDescriptor
 .text.USBD_FS_SerialStrDescriptor
                0x0000000008007ffc       0x24 ./USB_DEVICE/App/usbd_desc.o
                0x0000000008007ffc                USBD_FS_SerialStrDescriptor
 .text.USBD_FS_ConfigStrDescriptor
                0x0000000008008020       0x3c ./USB_DEVICE/App/usbd_desc.o
                0x0000000008008020                USBD_FS_ConfigStrDescriptor
 .text.USBD_FS_InterfaceStrDescriptor
                0x000000000800805c       0x3c ./USB_DEVICE/App/usbd_desc.o
                0x000000000800805c                USBD_FS_InterfaceStrDescriptor
 .text.USBD_FS_USR_BOSDescriptor
                0x0000000008008098       0x24 ./USB_DEVICE/App/usbd_desc.o
                0x0000000008008098                USBD_FS_USR_BOSDescriptor
 .text.Get_SerialNum
                0x00000000080080bc       0x58 ./USB_DEVICE/App/usbd_desc.o
 .text.IntToUnicode
                0x0000000008008114       0x7e ./USB_DEVICE/App/usbd_desc.o
 *fill*         0x0000000008008192        0x2 
 .text.HAL_PCD_MspInit
                0x0000000008008194       0x78 ./USB_DEVICE/Target/usbd_conf.o
                0x0000000008008194                HAL_PCD_MspInit
 .text.HAL_PCD_SetupStageCallback
                0x000000000800820c       0x24 ./USB_DEVICE/Target/usbd_conf.o
                0x000000000800820c                HAL_PCD_SetupStageCallback
 .text.HAL_PCD_DataOutStageCallback
                0x0000000008008230       0x36 ./USB_DEVICE/Target/usbd_conf.o
                0x0000000008008230                HAL_PCD_DataOutStageCallback
 .text.HAL_PCD_DataInStageCallback
                0x0000000008008266       0x34 ./USB_DEVICE/Target/usbd_conf.o
                0x0000000008008266                HAL_PCD_DataInStageCallback
 .text.HAL_PCD_SOFCallback
                0x000000000800829a       0x1c ./USB_DEVICE/Target/usbd_conf.o
                0x000000000800829a                HAL_PCD_SOFCallback
 .text.HAL_PCD_ResetCallback
                0x00000000080082b6       0x3c ./USB_DEVICE/Target/usbd_conf.o
                0x00000000080082b6                HAL_PCD_ResetCallback
 *fill*         0x00000000080082f2        0x2 
 .text.HAL_PCD_SuspendCallback
                0x00000000080082f4       0x34 ./USB_DEVICE/Target/usbd_conf.o
                0x00000000080082f4                HAL_PCD_SuspendCallback
 .text.HAL_PCD_ResumeCallback
                0x0000000008008328       0x38 ./USB_DEVICE/Target/usbd_conf.o
                0x0000000008008328                HAL_PCD_ResumeCallback
 .text.USBD_LL_Init
                0x0000000008008360       0xc4 ./USB_DEVICE/Target/usbd_conf.o
                0x0000000008008360                USBD_LL_Init
 .text.USBD_LL_Start
                0x0000000008008424       0x64 ./USB_DEVICE/Target/usbd_conf.o
                0x0000000008008424                USBD_LL_Start
 .text.USBD_LL_OpenEP
                0x0000000008008488       0x7c ./USB_DEVICE/Target/usbd_conf.o
                0x0000000008008488                USBD_LL_OpenEP
 .text.USBD_LL_CloseEP
                0x0000000008008504       0x6c ./USB_DEVICE/Target/usbd_conf.o
                0x0000000008008504                USBD_LL_CloseEP
 .text.USBD_LL_StallEP
                0x0000000008008570       0x6c ./USB_DEVICE/Target/usbd_conf.o
                0x0000000008008570                USBD_LL_StallEP
 .text.USBD_LL_ClearStallEP
                0x00000000080085dc       0x6c ./USB_DEVICE/Target/usbd_conf.o
                0x00000000080085dc                USBD_LL_ClearStallEP
 .text.USBD_LL_IsStallEP
                0x0000000008008648       0x5a ./USB_DEVICE/Target/usbd_conf.o
                0x0000000008008648                USBD_LL_IsStallEP
 *fill*         0x00000000080086a2        0x2 
 .text.USBD_LL_SetUSBAddress
                0x00000000080086a4       0x6c ./USB_DEVICE/Target/usbd_conf.o
                0x00000000080086a4                USBD_LL_SetUSBAddress
 .text.USBD_LL_Transmit
                0x0000000008008710       0x70 ./USB_DEVICE/Target/usbd_conf.o
                0x0000000008008710                USBD_LL_Transmit
 .text.USBD_LL_PrepareReceive
                0x0000000008008780       0x70 ./USB_DEVICE/Target/usbd_conf.o
                0x0000000008008780                USBD_LL_PrepareReceive
 .text.USBD_LL_GetRxDataSize
                0x00000000080087f0       0x26 ./USB_DEVICE/Target/usbd_conf.o
                0x00000000080087f0                USBD_LL_GetRxDataSize
 *fill*         0x0000000008008816        0x2 
 .text.HAL_PCDEx_LPM_Callback
                0x0000000008008818       0x6c ./USB_DEVICE/Target/usbd_conf.o
                0x0000000008008818                HAL_PCDEx_LPM_Callback
 .text.USBD_static_malloc
                0x0000000008008884       0x1c ./USB_DEVICE/Target/usbd_conf.o
                0x0000000008008884                USBD_static_malloc
 .text.USBD_static_free
                0x00000000080088a0       0x14 ./USB_DEVICE/Target/usbd_conf.o
                0x00000000080088a0                USBD_static_free
 .text.SystemClockConfig_Resume
                0x00000000080088b4        0xc ./USB_DEVICE/Target/usbd_conf.o
 .text.__libc_init_array
                0x00000000080088c0       0x48 c:/st/stm32cubeide_1.10.1/stm32cubeide/plugins/com.st.stm32cube.ide.mcu.externaltools.gnu-tools-for-stm32.10.3-2021.10.win32_1.0.0.202111181127/tools/bin/../lib/gcc/arm-none-eabi/10.3.1/../../../../arm-none-eabi/lib/thumb/v7e-m+fp/hard\libc_nano.a(lib_a-init.o)
                0x00000000080088c0                __libc_init_array
 .text.memset   0x0000000008008908       0x10 c:/st/stm32cubeide_1.10.1/stm32cubeide/plugins/com.st.stm32cube.ide.mcu.externaltools.gnu-tools-for-stm32.10.3-2021.10.win32_1.0.0.202111181127/tools/bin/../lib/gcc/arm-none-eabi/10.3.1/../../../../arm-none-eabi/lib/thumb/v7e-m+fp/hard\libc_nano.a(lib_a-memset.o)
                0x0000000008008908                memset
 *(.glue_7)
 .glue_7        0x0000000008008918        0x0 linker stubs
 *(.glue_7t)
 .glue_7t       0x0000000008008918        0x0 linker stubs
 *(.eh_frame)
 .eh_frame      0x0000000008008918        0x0 c:/st/stm32cubeide_1.10.1/stm32cubeide/plugins/com.st.stm32cube.ide.mcu.externaltools.gnu-tools-for-stm32.10.3-2021.10.win32_1.0.0.202111181127/tools/bin/../lib/gcc/arm-none-eabi/10.3.1/thumb/v7e-m+fp/hard/crtbegin.o
 *(.init)
 .init          0x0000000008008918        0x4 c:/st/stm32cubeide_1.10.1/stm32cubeide/plugins/com.st.stm32cube.ide.mcu.externaltools.gnu-tools-for-stm32.10.3-2021.10.win32_1.0.0.202111181127/tools/bin/../lib/gcc/arm-none-eabi/10.3.1/thumb/v7e-m+fp/hard/crti.o
                0x0000000008008918                _init
 .init          0x000000000800891c        0x8 c:/st/stm32cubeide_1.10.1/stm32cubeide/plugins/com.st.stm32cube.ide.mcu.externaltools.gnu-tools-for-stm32.10.3-2021.10.win32_1.0.0.202111181127/tools/bin/../lib/gcc/arm-none-eabi/10.3.1/thumb/v7e-m+fp/hard/crtn.o
 *(.fini)
 .fini          0x0000000008008924        0x4 c:/st/stm32cubeide_1.10.1/stm32cubeide/plugins/com.st.stm32cube.ide.mcu.externaltools.gnu-tools-for-stm32.10.3-2021.10.win32_1.0.0.202111181127/tools/bin/../lib/gcc/arm-none-eabi/10.3.1/thumb/v7e-m+fp/hard/crti.o
                0x0000000008008924                _fini
 .fini          0x0000000008008928        0x8 c:/st/stm32cubeide_1.10.1/stm32cubeide/plugins/com.st.stm32cube.ide.mcu.externaltools.gnu-tools-for-stm32.10.3-2021.10.win32_1.0.0.202111181127/tools/bin/../lib/gcc/arm-none-eabi/10.3.1/thumb/v7e-m+fp/hard/crtn.o
                0x0000000008008930                . = ALIGN (0x4)
                0x0000000008008930                _etext = .

.vfp11_veneer   0x0000000008008930        0x0
 .vfp11_veneer  0x0000000008008930        0x0 linker stubs

.v4_bx          0x0000000008008930        0x0
 .v4_bx         0x0000000008008930        0x0 linker stubs

.iplt           0x0000000008008930        0x0
 .iplt          0x0000000008008930        0x0 c:/st/stm32cubeide_1.10.1/stm32cubeide/plugins/com.st.stm32cube.ide.mcu.externaltools.gnu-tools-for-stm32.10.3-2021.10.win32_1.0.0.202111181127/tools/bin/../lib/gcc/arm-none-eabi/10.3.1/thumb/v7e-m+fp/hard/crtbegin.o

.rodata         0x0000000008008930       0x9c
                0x0000000008008930                . = ALIGN (0x4)
 *(.rodata)
 .rodata        0x0000000008008930       0x11 ./Core/Src/main.o
 *fill*         0x0000000008008941        0x3 
 .rodata        0x0000000008008944       0x46 ./USB_DEVICE/App/usbd_desc.o
 *(.rodata*)
 *fill*         0x000000000800898a        0x2 
 .rodata.AHBPrescTable
                0x000000000800898c       0x10 ./Core/Src/system_stm32l4xx.o
                0x000000000800898c                AHBPrescTable
 .rodata.MSIRangeTable
                0x000000000800899c       0x30 ./Core/Src/system_stm32l4xx.o
                0x000000000800899c                MSIRangeTable
                0x00000000080089cc                . = ALIGN (0x4)

.rel.dyn        0x00000000080089cc        0x0
 .rel.iplt      0x00000000080089cc        0x0 c:/st/stm32cubeide_1.10.1/stm32cubeide/plugins/com.st.stm32cube.ide.mcu.externaltools.gnu-tools-for-stm32.10.3-2021.10.win32_1.0.0.202111181127/tools/bin/../lib/gcc/arm-none-eabi/10.3.1/thumb/v7e-m+fp/hard/crtbegin.o

.ARM.extab      0x00000000080089cc        0x0
                0x00000000080089cc                . = ALIGN (0x4)
 *(.ARM.extab* .gnu.linkonce.armextab.*)
                0x00000000080089cc                . = ALIGN (0x4)

.ARM            0x00000000080089cc        0x0
                0x00000000080089cc                . = ALIGN (0x4)
                0x00000000080089cc                __exidx_start = .
 *(.ARM.exidx*)
                0x00000000080089cc                __exidx_end = .
                0x00000000080089cc                . = ALIGN (0x4)

.preinit_array  0x00000000080089cc        0x0
                0x00000000080089cc                . = ALIGN (0x4)
                0x00000000080089cc                PROVIDE (__preinit_array_start = .)
 *(.preinit_array*)
                0x00000000080089cc                PROVIDE (__preinit_array_end = .)
                0x00000000080089cc                . = ALIGN (0x4)

.init_array     0x00000000080089cc        0x4
                0x00000000080089cc                . = ALIGN (0x4)
                0x00000000080089cc                PROVIDE (__init_array_start = .)
 *(SORT_BY_NAME(.init_array.*))
 *(.init_array*)
 .init_array    0x00000000080089cc        0x4 c:/st/stm32cubeide_1.10.1/stm32cubeide/plugins/com.st.stm32cube.ide.mcu.externaltools.gnu-tools-for-stm32.10.3-2021.10.win32_1.0.0.202111181127/tools/bin/../lib/gcc/arm-none-eabi/10.3.1/thumb/v7e-m+fp/hard/crtbegin.o
                0x00000000080089d0                PROVIDE (__init_array_end = .)
                0x00000000080089d0                . = ALIGN (0x4)

.fini_array     0x00000000080089d0        0x4
                0x00000000080089d0                . = ALIGN (0x4)
                [!provide]                        PROVIDE (__fini_array_start = .)
 *(SORT_BY_NAME(.fini_array.*))
 *(.fini_array*)
 .fini_array    0x00000000080089d0        0x4 c:/st/stm32cubeide_1.10.1/stm32cubeide/plugins/com.st.stm32cube.ide.mcu.externaltools.gnu-tools-for-stm32.10.3-2021.10.win32_1.0.0.202111181127/tools/bin/../lib/gcc/arm-none-eabi/10.3.1/thumb/v7e-m+fp/hard/crtbegin.o
                [!provide]                        PROVIDE (__fini_array_end = .)
                0x00000000080089d4                . = ALIGN (0x4)
                0x00000000080089d4                _sidata = LOADADDR (.data)

.data           0x0000000020000000      0x190 load address 0x00000000080089d4
                0x0000000020000000                . = ALIGN (0x4)
                0x0000000020000000                _sdata = .
 *(.data)
 *(.data*)
 .data.SystemCoreClock
                0x0000000020000000        0x4 ./Core/Src/system_stm32l4xx.o
                0x0000000020000000                SystemCoreClock
 .data.uwTickPrio
                0x0000000020000004        0x4 ./Drivers/STM32L4xx_HAL_Driver/Src/stm32l4xx_hal.o
                0x0000000020000004                uwTickPrio
 .data.uwTickFreq
                0x0000000020000008        0x1 ./Drivers/STM32L4xx_HAL_Driver/Src/stm32l4xx_hal.o
                0x0000000020000008                uwTickFreq
 *fill*         0x0000000020000009        0x3 
 .data.USBD_CDC_DeviceQualifierDesc
                0x000000002000000c        0xa ./Middlewares/ST/STM32_USB_Device_Library/Class/CDC/Src/usbd_cdc.o
 *fill*         0x0000000020000016        0x2 
 .data.USBD_CDC
                0x0000000020000018       0x38 ./Middlewares/ST/STM32_USB_Device_Library/Class/CDC/Src/usbd_cdc.o
                0x0000000020000018                USBD_CDC
 .data.USBD_CDC_CfgHSDesc
                0x0000000020000050       0x43 ./Middlewares/ST/STM32_USB_Device_Library/Class/CDC/Src/usbd_cdc.o
 *fill*         0x0000000020000093        0x1 
 .data.USBD_CDC_CfgFSDesc
                0x0000000020000094       0x43 ./Middlewares/ST/STM32_USB_Device_Library/Class/CDC/Src/usbd_cdc.o
 *fill*         0x00000000200000d7        0x1 
 .data.USBD_CDC_OtherSpeedCfgDesc
                0x00000000200000d8       0x43 ./Middlewares/ST/STM32_USB_Device_Library/Class/CDC/Src/usbd_cdc.o
 *fill*         0x000000002000011b        0x1 
 .data.USBD_Interface_fops_FS
                0x000000002000011c       0x14 ./USB_DEVICE/App/usbd_cdc_if.o
                0x000000002000011c                USBD_Interface_fops_FS
 .data.FS_Desc  0x0000000020000130       0x20 ./USB_DEVICE/App/usbd_desc.o
                0x0000000020000130                FS_Desc
 .data.USBD_FS_DeviceDesc
                0x0000000020000150       0x12 ./USB_DEVICE/App/usbd_desc.o
                0x0000000020000150                USBD_FS_DeviceDesc
 *fill*         0x0000000020000162        0x2 
 .data.USBD_FS_BOSDesc
                0x0000000020000164        0xc ./USB_DEVICE/App/usbd_desc.o
                0x0000000020000164                USBD_FS_BOSDesc
 .data.USBD_LangIDDesc
                0x0000000020000170        0x4 ./USB_DEVICE/App/usbd_desc.o
                0x0000000020000170                USBD_LangIDDesc
 .data.USBD_StringSerial
                0x0000000020000174       0x1a ./USB_DEVICE/App/usbd_desc.o
                0x0000000020000174                USBD_StringSerial
 *(.RamFunc)
 *(.RamFunc*)
                0x0000000020000190                . = ALIGN (0x4)
 *fill*         0x000000002000018e        0x2 
                0x0000000020000190                _edata = .

.igot.plt       0x0000000020000190        0x0 load address 0x0000000008008b64
 .igot.plt      0x0000000020000190        0x0 c:/st/stm32cubeide_1.10.1/stm32cubeide/plugins/com.st.stm32cube.ide.mcu.externaltools.gnu-tools-for-stm32.10.3-2021.10.win32_1.0.0.202111181127/tools/bin/../lib/gcc/arm-none-eabi/10.3.1/thumb/v7e-m+fp/hard/crtbegin.o
                0x0000000020000190                . = ALIGN (0x4)

.bss            0x0000000020000190     0x11e0 load address 0x0000000008008b64
                0x0000000020000190                _sbss = .
                0x0000000020000190                __bss_start__ = _sbss
 *(.bss)
 .bss           0x0000000020000190       0x1c c:/st/stm32cubeide_1.10.1/stm32cubeide/plugins/com.st.stm32cube.ide.mcu.externaltools.gnu-tools-for-stm32.10.3-2021.10.win32_1.0.0.202111181127/tools/bin/../lib/gcc/arm-none-eabi/10.3.1/thumb/v7e-m+fp/hard/crtbegin.o
 *(.bss*)
 .bss.uwTick    0x00000000200001ac        0x4 ./Drivers/STM32L4xx_HAL_Driver/Src/stm32l4xx_hal.o
                0x00000000200001ac                uwTick
 .bss.cfgidx.0  0x00000000200001b0        0x1 ./Middlewares/ST/STM32_USB_Device_Library/Core/Src/usbd_ctlreq.o
 *fill*         0x00000000200001b1        0x3 
 .bss.hUsbDeviceFS
                0x00000000200001b4      0x2d0 ./USB_DEVICE/App/usb_device.o
                0x00000000200001b4                hUsbDeviceFS
 .bss.UserRxBufferFS
                0x0000000020000484      0x3e8 ./USB_DEVICE/App/usbd_cdc_if.o
                0x0000000020000484                UserRxBufferFS
 .bss.UserTxBufferFS
                0x000000002000086c      0x3e8 ./USB_DEVICE/App/usbd_cdc_if.o
                0x000000002000086c                UserTxBufferFS
 .bss.USBD_StrDesc
                0x0000000020000c54      0x200 ./USB_DEVICE/App/usbd_desc.o
                0x0000000020000c54                USBD_StrDesc
 .bss.hpcd_USB_FS
                0x0000000020000e54      0x2fc ./USB_DEVICE/Target/usbd_conf.o
                0x0000000020000e54                hpcd_USB_FS
 .bss.mem.0     0x0000000020001150      0x220 ./USB_DEVICE/Target/usbd_conf.o
 *(COMMON)
                0x0000000020001370                . = ALIGN (0x4)
                0x0000000020001370                _ebss = .
                0x0000000020001370                __bss_end__ = _ebss

._user_heap_stack
                0x0000000020001370      0x600 load address 0x0000000008008b64
                0x0000000020001370                . = ALIGN (0x8)
                [!provide]                        PROVIDE (end = .)
                0x0000000020001370                PROVIDE (_end = .)
                0x0000000020001570                . = (. + _Min_Heap_Size)
 *fill*         0x0000000020001370      0x200 
                0x0000000020001970                . = (. + _Min_Stack_Size)
 *fill*         0x0000000020001570      0x400 
                0x0000000020001970                . = ALIGN (0x8)

/DISCARD/
 libc.a(*)
 libm.a(*)
 libgcc.a(*)

.ARM.attributes
                0x0000000000000000       0x30
 *(.ARM.attributes)
 .ARM.attributes
                0x0000000000000000       0x1e c:/st/stm32cubeide_1.10.1/stm32cubeide/plugins/com.st.stm32cube.ide.mcu.externaltools.gnu-tools-for-stm32.10.3-2021.10.win32_1.0.0.202111181127/tools/bin/../lib/gcc/arm-none-eabi/10.3.1/thumb/v7e-m+fp/hard/crti.o
 .ARM.attributes
                0x000000000000001e       0x34 c:/st/stm32cubeide_1.10.1/stm32cubeide/plugins/com.st.stm32cube.ide.mcu.externaltools.gnu-tools-for-stm32.10.3-2021.10.win32_1.0.0.202111181127/tools/bin/../lib/gcc/arm-none-eabi/10.3.1/thumb/v7e-m+fp/hard/crtbegin.o
 .ARM.attributes
                0x0000000000000052       0x34 ./Core/Src/bootloader.o
 .ARM.attributes
                0x0000000000000086       0x34 ./Core/Src/main.o
 .ARM.attributes
                0x00000000000000ba       0x34 ./Core/Src/stm32l4xx_hal_msp.o
 .ARM.attributes
                0x00000000000000ee       0x34 ./Core/Src/stm32l4xx_it.o
 .ARM.attributes
                0x0000000000000122       0x34 ./Core/Src/system_stm32l4xx.o
 .ARM.attributes
                0x0000000000000156       0x21 ./Core/Startup/startup_stm32l432kcux.o
 .ARM.attributes
                0x0000000000000177       0x34 ./Drivers/STM32L4xx_HAL_Driver/Src/stm32l4xx_hal.o
 .ARM.attributes
                0x00000000000001ab       0x34 ./Drivers/STM32L4xx_HAL_Driver/Src/stm32l4xx_hal_cortex.o
 .ARM.attributes
                0x00000000000001df       0x34 ./Drivers/STM32L4xx_HAL_Driver/Src/stm32l4xx_hal_flash.o
 .ARM.attributes
                0x0000000000000213       0x34 ./Drivers/STM32L4xx_HAL_Driver/Src/stm32l4xx_hal_gpio.o
 .ARM.attributes
                0x0000000000000247       0x34 ./Drivers/STM32L4xx_HAL_Driver/Src/stm32l4xx_hal_pcd.o
 .ARM.attributes
                0x000000000000027b       0x34 ./Drivers/STM32L4xx_HAL_Driver/Src/stm32l4xx_hal_pcd_ex.o
 .ARM.attributes
                0x00000000000002af       0x34 ./Drivers/STM32L4xx_HAL_Driver/Src/stm32l4xx_hal_pwr.o
 .ARM.attributes
                0x00000000000002e3       0x34 ./Drivers/STM32L4xx_HAL_Driver/Src/stm32l4xx_hal_pwr_ex.o
 .ARM.attributes
                0x0000000000000317       0x34 ./Drivers/STM32L4xx_HAL_Driver/Src/stm32l4xx_hal_rcc.o
 .ARM.attributes
                0x000000000000034b       0x34 ./Drivers/STM32L4xx_HAL_Driver/Src/stm32l4xx_hal_rcc_ex.o
 .ARM.attributes
                0x000000000000037f       0x34 ./Drivers/STM32L4xx_HAL_Driver/Src/stm32l4xx_ll_usb.o
 .ARM.attributes
                0x00000000000003b3       0x34 ./Middlewares/ST/STM32_USB_Device_Library/Class/CDC/Src/usbd_cdc.o
 .ARM.attributes
                0x00000000000003e7       0x34 ./Middlewares/ST/STM32_USB_Device_Library/Core/Src/usbd_core.o
 .ARM.attributes
                0x000000000000041b       0x34 ./Middlewares/ST/STM32_USB_Device_Library/Core/Src/usbd_ctlreq.o
 .ARM.attributes
                0x000000000000044f       0x34 ./Middlewares/ST/STM32_USB_Device_Library/Core/Src/usbd_ioreq.o
 .ARM.attributes
                0x0000000000000483       0x34 ./USB_DEVICE/App/usb_device.o
 .ARM.attributes
                0x00000000000004b7       0x34 ./USB_DEVICE/App/usbd_cdc_if.o
 .ARM.attributes
                0x00000000000004eb       0x34 ./USB_DEVICE/App/usbd_desc.o
 .ARM.attributes
                0x000000000000051f       0x34 ./USB_DEVICE/Target/usbd_conf.o
 .ARM.attributes
                0x0000000000000553       0x34 c:/st/stm32cubeide_1.10.1/stm32cubeide/plugins/com.st.stm32cube.ide.mcu.externaltools.gnu-tools-for-stm32.10.3-2021.10.win32_1.0.0.202111181127/tools/bin/../lib/gcc/arm-none-eabi/10.3.1/../../../../arm-none-eabi/lib/thumb/v7e-m+fp/hard\libc_nano.a(lib_a-init.o)
 .ARM.attributes
                0x0000000000000587       0x34 c:/st/stm32cubeide_1.10.1/stm32cubeide/plugins/com.st.stm32cube.ide.mcu.externaltools.gnu-tools-for-stm32.10.3-2021.10.win32_1.0.0.202111181127/tools/bin/../lib/gcc/arm-none-eabi/10.3.1/../../../../arm-none-eabi/lib/thumb/v7e-m+fp/hard\libc_nano.a(lib_a-memset.o)
 .ARM.attributes
                0x00000000000005bb       0x1e c:/st/stm32cubeide_1.10.1/stm32cubeide/plugins/com.st.stm32cube.ide.mcu.externaltools.gnu-tools-for-stm32.10.3-2021.10.win32_1.0.0.202111181127/tools/bin/../lib/gcc/arm-none-eabi/10.3.1/thumb/v7e-m+fp/hard/crtn.o
OUTPUT(STM32L4xx_BootLoader.elf elf32-littlearm)
LOAD linker stubs
LOAD c:/st/stm32cubeide_1.10.1/stm32cubeide/plugins/com.st.stm32cube.ide.mcu.externaltools.gnu-tools-for-stm32.10.3-2021.10.win32_1.0.0.202111181127/tools/bin/../lib/gcc/arm-none-eabi/10.3.1/../../../../arm-none-eabi/lib/thumb/v7e-m+fp/hard\libc.a
LOAD c:/st/stm32cubeide_1.10.1/stm32cubeide/plugins/com.st.stm32cube.ide.mcu.externaltools.gnu-tools-for-stm32.10.3-2021.10.win32_1.0.0.202111181127/tools/bin/../lib/gcc/arm-none-eabi/10.3.1/../../../../arm-none-eabi/lib/thumb/v7e-m+fp/hard\libm.a
LOAD c:/st/stm32cubeide_1.10.1/stm32cubeide/plugins/com.st.stm32cube.ide.mcu.externaltools.gnu-tools-for-stm32.10.3-2021.10.win32_1.0.0.202111181127/tools/bin/../lib/gcc/arm-none-eabi/10.3.1/thumb/v7e-m+fp/hard\libgcc.a

.debug_info     0x0000000000000000    0x11081
 .debug_info    0x0000000000000000      0x662 ./Core/Src/bootloader.o
 .debug_info    0x0000000000000662      0x812 ./Core/Src/main.o
 .debug_info    0x0000000000000e74      0x316 ./Core/Src/stm32l4xx_hal_msp.o
 .debug_info    0x000000000000118a      0x6d3 ./Core/Src/stm32l4xx_it.o
 .debug_info    0x000000000000185d      0x5d4 ./Core/Src/system_stm32l4xx.o
 .debug_info    0x0000000000001e31       0x22 ./Core/Startup/startup_stm32l432kcux.o
 .debug_info    0x0000000000001e53      0x9da ./Drivers/STM32L4xx_HAL_Driver/Src/stm32l4xx_hal.o
 .debug_info    0x000000000000282d      0xda3 ./Drivers/STM32L4xx_HAL_Driver/Src/stm32l4xx_hal_cortex.o
 .debug_info    0x00000000000035d0      0x6c4 ./Drivers/STM32L4xx_HAL_Driver/Src/stm32l4xx_hal_flash.o
 .debug_info    0x0000000000003c94      0x821 ./Drivers/STM32L4xx_HAL_Driver/Src/stm32l4xx_hal_gpio.o
 .debug_info    0x00000000000044b5     0x180b ./Drivers/STM32L4xx_HAL_Driver/Src/stm32l4xx_hal_pcd.o
 .debug_info    0x0000000000005cc0      0x8cf ./Drivers/STM32L4xx_HAL_Driver/Src/stm32l4xx_hal_pcd_ex.o
 .debug_info    0x000000000000658f      0x95e ./Drivers/STM32L4xx_HAL_Driver/Src/stm32l4xx_hal_pwr.o
 .debug_info    0x0000000000006eed      0x96b ./Drivers/STM32L4xx_HAL_Driver/Src/stm32l4xx_hal_pwr_ex.o
 .debug_info    0x0000000000007858      0xc97 ./Drivers/STM32L4xx_HAL_Driver/Src/stm32l4xx_hal_rcc.o
 .debug_info    0x00000000000084ef      0xf5b ./Drivers/STM32L4xx_HAL_Driver/Src/stm32l4xx_hal_rcc_ex.o
 .debug_info    0x000000000000944a     0x1925 ./Drivers/STM32L4xx_HAL_Driver/Src/stm32l4xx_ll_usb.o
 .debug_info    0x000000000000ad6f     0x11ee ./Middlewares/ST/STM32_USB_Device_Library/Class/CDC/Src/usbd_cdc.o
 .debug_info    0x000000000000bf5d      0xbcd ./Middlewares/ST/STM32_USB_Device_Library/Core/Src/usbd_core.o
 .debug_info    0x000000000000cb2a      0xae0 ./Middlewares/ST/STM32_USB_Device_Library/Core/Src/usbd_ctlreq.o
 .debug_info    0x000000000000d60a      0x78f ./Middlewares/ST/STM32_USB_Device_Library/Core/Src/usbd_ioreq.o
 .debug_info    0x000000000000dd99      0x71f ./USB_DEVICE/App/usb_device.o
 .debug_info    0x000000000000e4b8      0x925 ./USB_DEVICE/App/usbd_cdc_if.o
 .debug_info    0x000000000000eddd      0x503 ./USB_DEVICE/App/usbd_desc.o
 .debug_info    0x000000000000f2e0     0x1da1 ./USB_DEVICE/Target/usbd_conf.o

.debug_abbrev   0x0000000000000000     0x32d6
 .debug_abbrev  0x0000000000000000      0x1e1 ./Core/Src/bootloader.o
 .debug_abbrev  0x00000000000001e1      0x250 ./Core/Src/main.o
 .debug_abbrev  0x0000000000000431       0xc2 ./Core/Src/stm32l4xx_hal_msp.o
 .debug_abbrev  0x00000000000004f3      0x177 ./Core/Src/stm32l4xx_it.o
 .debug_abbrev  0x000000000000066a      0x116 ./Core/Src/system_stm32l4xx.o
 .debug_abbrev  0x0000000000000780       0x12 ./Core/Startup/startup_stm32l432kcux.o
 .debug_abbrev  0x0000000000000792      0x21e ./Drivers/STM32L4xx_HAL_Driver/Src/stm32l4xx_hal.o
 .debug_abbrev  0x00000000000009b0      0x316 ./Drivers/STM32L4xx_HAL_Driver/Src/stm32l4xx_hal_cortex.o
 .debug_abbrev  0x0000000000000cc6      0x305 ./Drivers/STM32L4xx_HAL_Driver/Src/stm32l4xx_hal_flash.o
 .debug_abbrev  0x0000000000000fcb      0x1bb ./Drivers/STM32L4xx_HAL_Driver/Src/stm32l4xx_hal_gpio.o
 .debug_abbrev  0x0000000000001186      0x2a1 ./Drivers/STM32L4xx_HAL_Driver/Src/stm32l4xx_hal_pcd.o
 .debug_abbrev  0x0000000000001427      0x1cc ./Drivers/STM32L4xx_HAL_Driver/Src/stm32l4xx_hal_pcd_ex.o
 .debug_abbrev  0x00000000000015f3      0x1c9 ./Drivers/STM32L4xx_HAL_Driver/Src/stm32l4xx_hal_pwr.o
 .debug_abbrev  0x00000000000017bc      0x1f3 ./Drivers/STM32L4xx_HAL_Driver/Src/stm32l4xx_hal_pwr_ex.o
 .debug_abbrev  0x00000000000019af      0x2bd ./Drivers/STM32L4xx_HAL_Driver/Src/stm32l4xx_hal_rcc.o
 .debug_abbrev  0x0000000000001c6c      0x299 ./Drivers/STM32L4xx_HAL_Driver/Src/stm32l4xx_hal_rcc_ex.o
 .debug_abbrev  0x0000000000001f05      0x1bc ./Drivers/STM32L4xx_HAL_Driver/Src/stm32l4xx_ll_usb.o
 .debug_abbrev  0x00000000000020c1      0x2a6 ./Middlewares/ST/STM32_USB_Device_Library/Class/CDC/Src/usbd_cdc.o
 .debug_abbrev  0x0000000000002367      0x23d ./Middlewares/ST/STM32_USB_Device_Library/Core/Src/usbd_core.o
 .debug_abbrev  0x00000000000025a4      0x26d ./Middlewares/ST/STM32_USB_Device_Library/Core/Src/usbd_ctlreq.o
 .debug_abbrev  0x0000000000002811      0x19b ./Middlewares/ST/STM32_USB_Device_Library/Core/Src/usbd_ioreq.o
 .debug_abbrev  0x00000000000029ac      0x19b ./USB_DEVICE/App/usb_device.o
 .debug_abbrev  0x0000000000002b47      0x2a1 ./USB_DEVICE/App/usbd_cdc_if.o
 .debug_abbrev  0x0000000000002de8      0x1da ./USB_DEVICE/App/usbd_desc.o
 .debug_abbrev  0x0000000000002fc2      0x314 ./USB_DEVICE/Target/usbd_conf.o

.debug_aranges  0x0000000000000000      0xe28
 .debug_aranges
                0x0000000000000000       0x40 ./Core/Src/bootloader.o
 .debug_aranges
                0x0000000000000040       0x38 ./Core/Src/main.o
 .debug_aranges
                0x0000000000000078       0x20 ./Core/Src/stm32l4xx_hal_msp.o
 .debug_aranges
                0x0000000000000098       0x68 ./Core/Src/stm32l4xx_it.o
 .debug_aranges
                0x0000000000000100       0x28 ./Core/Src/system_stm32l4xx.o
 .debug_aranges
                0x0000000000000128       0x28 ./Core/Startup/startup_stm32l432kcux.o
 .debug_aranges
                0x0000000000000150      0x108 ./Drivers/STM32L4xx_HAL_Driver/Src/stm32l4xx_hal.o
 .debug_aranges
                0x0000000000000258      0x118 ./Drivers/STM32L4xx_HAL_Driver/Src/stm32l4xx_hal_cortex.o
 .debug_aranges
                0x0000000000000370       0x88 ./Drivers/STM32L4xx_HAL_Driver/Src/stm32l4xx_hal_flash.o
 .debug_aranges
                0x00000000000003f8       0x58 ./Drivers/STM32L4xx_HAL_Driver/Src/stm32l4xx_hal_gpio.o
 .debug_aranges
                0x0000000000000450      0x138 ./Drivers/STM32L4xx_HAL_Driver/Src/stm32l4xx_hal_pcd.o
 .debug_aranges
                0x0000000000000588       0x58 ./Drivers/STM32L4xx_HAL_Driver/Src/stm32l4xx_hal_pcd_ex.o
 .debug_aranges
                0x00000000000005e0       0x98 ./Drivers/STM32L4xx_HAL_Driver/Src/stm32l4xx_hal_pwr.o
 .debug_aranges
                0x0000000000000678      0x128 ./Drivers/STM32L4xx_HAL_Driver/Src/stm32l4xx_hal_pwr_ex.o
 .debug_aranges
                0x00000000000007a0       0x90 ./Drivers/STM32L4xx_HAL_Driver/Src/stm32l4xx_hal_rcc.o
 .debug_aranges
                0x0000000000000830       0xf0 ./Drivers/STM32L4xx_HAL_Driver/Src/stm32l4xx_hal_rcc_ex.o
 .debug_aranges
                0x0000000000000920       0xf8 ./Drivers/STM32L4xx_HAL_Driver/Src/stm32l4xx_ll_usb.o
 .debug_aranges
                0x0000000000000a18       0x90 ./Middlewares/ST/STM32_USB_Device_Library/Class/CDC/Src/usbd_cdc.o
 .debug_aranges
                0x0000000000000aa8       0xb8 ./Middlewares/ST/STM32_USB_Device_Library/Core/Src/usbd_core.o
 .debug_aranges
                0x0000000000000b60       0x90 ./Middlewares/ST/STM32_USB_Device_Library/Core/Src/usbd_ctlreq.o
 .debug_aranges
                0x0000000000000bf0       0x50 ./Middlewares/ST/STM32_USB_Device_Library/Core/Src/usbd_ioreq.o
 .debug_aranges
                0x0000000000000c40       0x20 ./USB_DEVICE/App/usb_device.o
 .debug_aranges
                0x0000000000000c60       0x48 ./USB_DEVICE/App/usbd_cdc_if.o
 .debug_aranges
                0x0000000000000ca8       0x68 ./USB_DEVICE/App/usbd_desc.o
 .debug_aranges
                0x0000000000000d10      0x118 ./USB_DEVICE/Target/usbd_conf.o

.debug_ranges   0x0000000000000000      0xcb8
 .debug_ranges  0x0000000000000000       0x48 ./Core/Src/bootloader.o
 .debug_ranges  0x0000000000000048       0x28 ./Core/Src/main.o
 .debug_ranges  0x0000000000000070       0x10 ./Core/Src/stm32l4xx_hal_msp.o
 .debug_ranges  0x0000000000000080       0x58 ./Core/Src/stm32l4xx_it.o
 .debug_ranges  0x00000000000000d8       0x18 ./Core/Src/system_stm32l4xx.o
 .debug_ranges  0x00000000000000f0       0x20 ./Core/Startup/startup_stm32l432kcux.o
 .debug_ranges  0x0000000000000110       0xf8 ./Drivers/STM32L4xx_HAL_Driver/Src/stm32l4xx_hal.o
 .debug_ranges  0x0000000000000208      0x108 ./Drivers/STM32L4xx_HAL_Driver/Src/stm32l4xx_hal_cortex.o
 .debug_ranges  0x0000000000000310       0x78 ./Drivers/STM32L4xx_HAL_Driver/Src/stm32l4xx_hal_flash.o
 .debug_ranges  0x0000000000000388       0x48 ./Drivers/STM32L4xx_HAL_Driver/Src/stm32l4xx_hal_gpio.o
 .debug_ranges  0x00000000000003d0      0x128 ./Drivers/STM32L4xx_HAL_Driver/Src/stm32l4xx_hal_pcd.o
 .debug_ranges  0x00000000000004f8       0x48 ./Drivers/STM32L4xx_HAL_Driver/Src/stm32l4xx_hal_pcd_ex.o
 .debug_ranges  0x0000000000000540       0x88 ./Drivers/STM32L4xx_HAL_Driver/Src/stm32l4xx_hal_pwr.o
 .debug_ranges  0x00000000000005c8      0x118 ./Drivers/STM32L4xx_HAL_Driver/Src/stm32l4xx_hal_pwr_ex.o
 .debug_ranges  0x00000000000006e0       0x80 ./Drivers/STM32L4xx_HAL_Driver/Src/stm32l4xx_hal_rcc.o
 .debug_ranges  0x0000000000000760       0xe0 ./Drivers/STM32L4xx_HAL_Driver/Src/stm32l4xx_hal_rcc_ex.o
 .debug_ranges  0x0000000000000840       0xe8 ./Drivers/STM32L4xx_HAL_Driver/Src/stm32l4xx_ll_usb.o
 .debug_ranges  0x0000000000000928       0x80 ./Middlewares/ST/STM32_USB_Device_Library/Class/CDC/Src/usbd_cdc.o
 .debug_ranges  0x00000000000009a8       0xa8 ./Middlewares/ST/STM32_USB_Device_Library/Core/Src/usbd_core.o
 .debug_ranges  0x0000000000000a50       0x80 ./Middlewares/ST/STM32_USB_Device_Library/Core/Src/usbd_ctlreq.o
 .debug_ranges  0x0000000000000ad0       0x40 ./Middlewares/ST/STM32_USB_Device_Library/Core/Src/usbd_ioreq.o
 .debug_ranges  0x0000000000000b10       0x10 ./USB_DEVICE/App/usb_device.o
 .debug_ranges  0x0000000000000b20       0x38 ./USB_DEVICE/App/usbd_cdc_if.o
 .debug_ranges  0x0000000000000b58       0x58 ./USB_DEVICE/App/usbd_desc.o
 .debug_ranges  0x0000000000000bb0      0x108 ./USB_DEVICE/Target/usbd_conf.o

.debug_macro    0x0000000000000000    0x22bee
 .debug_macro   0x0000000000000000      0x2bb ./Core/Src/bootloader.o
 .debug_macro   0x00000000000002bb      0xa78 ./Core/Src/bootloader.o
 .debug_macro   0x0000000000000d33       0x10 ./Core/Src/bootloader.o
 .debug_macro   0x0000000000000d43      0x1a7 ./Core/Src/bootloader.o
 .debug_macro   0x0000000000000eea       0x2e ./Core/Src/bootloader.o
 .debug_macro   0x0000000000000f18       0x28 ./Core/Src/bootloader.o
 .debug_macro   0x0000000000000f40       0x22 ./Core/Src/bootloader.o
 .debug_macro   0x0000000000000f62       0x8e ./Core/Src/bootloader.o
 .debug_macro   0x0000000000000ff0       0x51 ./Core/Src/bootloader.o
 .debug_macro   0x0000000000001041      0x103 ./Core/Src/bootloader.o
 .debug_macro   0x0000000000001144       0x6a ./Core/Src/bootloader.o
 .debug_macro   0x00000000000011ae      0x1df ./Core/Src/bootloader.o
 .debug_macro   0x000000000000138d       0x1c ./Core/Src/bootloader.o
 .debug_macro   0x00000000000013a9       0x22 ./Core/Src/bootloader.o
 .debug_macro   0x00000000000013cb       0xfb ./Core/Src/bootloader.o
 .debug_macro   0x00000000000014c6     0x1011 ./Core/Src/bootloader.o
 .debug_macro   0x00000000000024d7      0x11f ./Core/Src/bootloader.o
 .debug_macro   0x00000000000025f6    0x147a6 ./Core/Src/bootloader.o
 .debug_macro   0x0000000000016d9c       0x6d ./Core/Src/bootloader.o
 .debug_macro   0x0000000000016e09     0x38e6 ./Core/Src/bootloader.o
 .debug_macro   0x000000000001a6ef      0x174 ./Core/Src/bootloader.o
 .debug_macro   0x000000000001a863       0x5c ./Core/Src/bootloader.o
 .debug_macro   0x000000000001a8bf     0x11ca ./Core/Src/bootloader.o
 .debug_macro   0x000000000001ba89      0x53c ./Core/Src/bootloader.o
 .debug_macro   0x000000000001bfc5      0x1b9 ./Core/Src/bootloader.o
 .debug_macro   0x000000000001c17e      0x122 ./Core/Src/bootloader.o
 .debug_macro   0x000000000001c2a0      0x26b ./Core/Src/bootloader.o
 .debug_macro   0x000000000001c50b      0x23d ./Core/Src/bootloader.o
 .debug_macro   0x000000000001c748      0x241 ./Core/Src/bootloader.o
 .debug_macro   0x000000000001c989      0x375 ./Core/Src/bootloader.o
 .debug_macro   0x000000000001ccfe       0xd6 ./Core/Src/bootloader.o
 .debug_macro   0x000000000001cdd4      0x22c ./Core/Src/bootloader.o
 .debug_macro   0x000000000001d000       0x61 ./Core/Src/bootloader.o
 .debug_macro   0x000000000001d061       0xa5 ./Core/Src/bootloader.o
 .debug_macro   0x000000000001d106       0x73 ./Core/Src/bootloader.o
 .debug_macro   0x000000000001d179      0x234 ./Core/Src/bootloader.o
 .debug_macro   0x000000000001d3ad      0x122 ./Core/Src/bootloader.o
 .debug_macro   0x000000000001d4cf      0x356 ./Core/Src/bootloader.o
 .debug_macro   0x000000000001d825      0x220 ./Core/Src/bootloader.o
 .debug_macro   0x000000000001da45       0x1c ./Core/Src/bootloader.o
 .debug_macro   0x000000000001da61       0x52 ./Core/Src/bootloader.o
 .debug_macro   0x000000000001dab3       0x1e ./Core/Src/bootloader.o
 .debug_macro   0x000000000001dad1       0x3c ./Core/Src/bootloader.o
 .debug_macro   0x000000000001db0d       0x34 ./Core/Src/bootloader.o
 .debug_macro   0x000000000001db41       0x16 ./Core/Src/bootloader.o
 .debug_macro   0x000000000001db57       0x43 ./Core/Src/bootloader.o
 .debug_macro   0x000000000001db9a       0x34 ./Core/Src/bootloader.o
 .debug_macro   0x000000000001dbce       0x10 ./Core/Src/bootloader.o
 .debug_macro   0x000000000001dbde       0x58 ./Core/Src/bootloader.o
 .debug_macro   0x000000000001dc36       0x71 ./Core/Src/bootloader.o
 .debug_macro   0x000000000001dca7       0x1c ./Core/Src/bootloader.o
 .debug_macro   0x000000000001dcc3      0x12a ./Core/Src/bootloader.o
 .debug_macro   0x000000000001dded      0x341 ./Core/Src/bootloader.o
 .debug_macro   0x000000000001e12e       0x10 ./Core/Src/bootloader.o
 .debug_macro   0x000000000001e13e       0x35 ./Core/Src/bootloader.o
 .debug_macro   0x000000000001e173       0x20 ./Core/Src/bootloader.o
 .debug_macro   0x000000000001e193      0x426 ./Core/Src/main.o
 .debug_macro   0x000000000001e5b9       0x16 ./Core/Src/main.o
 .debug_macro   0x000000000001e5cf       0x10 ./Core/Src/main.o
 .debug_macro   0x000000000001e5df       0x10 ./Core/Src/main.o
 .debug_macro   0x000000000001e5ef       0x1c ./Core/Src/main.o
 .debug_macro   0x000000000001e60b       0x52 ./Core/Src/main.o
 .debug_macro   0x000000000001e65d       0x22 ./Core/Src/main.o
 .debug_macro   0x000000000001e67f       0x10 ./Core/Src/main.o
 .debug_macro   0x000000000001e68f       0x52 ./Core/Src/main.o
 .debug_macro   0x000000000001e6e1       0xd5 ./Core/Src/main.o
 .debug_macro   0x000000000001e7b6       0x1c ./Core/Src/main.o
 .debug_macro   0x000000000001e7d2       0x3d ./Core/Src/main.o
 .debug_macro   0x000000000001e80f       0x16 ./Core/Src/main.o
 .debug_macro   0x000000000001e825      0x145 ./Core/Src/main.o
 .debug_macro   0x000000000001e96a       0x16 ./Core/Src/main.o
 .debug_macro   0x000000000001e980       0x16 ./Core/Src/main.o
 .debug_macro   0x000000000001e996       0x29 ./Core/Src/main.o
 .debug_macro   0x000000000001e9bf       0x16 ./Core/Src/main.o
 .debug_macro   0x000000000001e9d5       0x5f ./Core/Src/main.o
 .debug_macro   0x000000000001ea34      0x1ef ./Core/Src/main.o
 .debug_macro   0x000000000001ec23       0x95 ./Core/Src/main.o
 .debug_macro   0x000000000001ecb8       0x10 ./Core/Src/main.o
 .debug_macro   0x000000000001ecc8      0x1e4 ./Core/Src/stm32l4xx_hal_msp.o
 .debug_macro   0x000000000001eeac      0x1ee ./Core/Src/stm32l4xx_it.o
 .debug_macro   0x000000000001f09a      0x1d5 ./Core/Src/system_stm32l4xx.o
 .debug_macro   0x000000000001f26f      0x21d ./Drivers/STM32L4xx_HAL_Driver/Src/stm32l4xx_hal.o
 .debug_macro   0x000000000001f48c      0x1d5 ./Drivers/STM32L4xx_HAL_Driver/Src/stm32l4xx_hal_cortex.o
 .debug_macro   0x000000000001f661      0x1db ./Drivers/STM32L4xx_HAL_Driver/Src/stm32l4xx_hal_flash.o
 .debug_macro   0x000000000001f83c      0x1dc ./Drivers/STM32L4xx_HAL_Driver/Src/stm32l4xx_hal_gpio.o
 .debug_macro   0x000000000001fa18      0x1e1 ./Drivers/STM32L4xx_HAL_Driver/Src/stm32l4xx_hal_pcd.o
 .debug_macro   0x000000000001fbf9      0x1d5 ./Drivers/STM32L4xx_HAL_Driver/Src/stm32l4xx_hal_pcd_ex.o
 .debug_macro   0x000000000001fdce      0x1ed ./Drivers/STM32L4xx_HAL_Driver/Src/stm32l4xx_hal_pwr.o
 .debug_macro   0x000000000001ffbb      0x1f9 ./Drivers/STM32L4xx_HAL_Driver/Src/stm32l4xx_hal_pwr_ex.o
 .debug_macro   0x00000000000201b4      0x217 ./Drivers/STM32L4xx_HAL_Driver/Src/stm32l4xx_hal_rcc.o
 .debug_macro   0x00000000000203cb      0x20b ./Drivers/STM32L4xx_HAL_Driver/Src/stm32l4xx_hal_rcc_ex.o
 .debug_macro   0x00000000000205d6      0x1d5 ./Drivers/STM32L4xx_HAL_Driver/Src/stm32l4xx_ll_usb.o
 .debug_macro   0x00000000000207ab      0x3fa ./Middlewares/ST/STM32_USB_Device_Library/Class/CDC/Src/usbd_cdc.o
 .debug_macro   0x0000000000020ba5       0x97 ./Middlewares/ST/STM32_USB_Device_Library/Class/CDC/Src/usbd_cdc.o
 .debug_macro   0x0000000000020c3c       0xfd ./Middlewares/ST/STM32_USB_Device_Library/Class/CDC/Src/usbd_cdc.o
 .debug_macro   0x0000000000020d39       0x56 ./Middlewares/ST/STM32_USB_Device_Library/Class/CDC/Src/usbd_cdc.o
 .debug_macro   0x0000000000020d8f      0x3e1 ./Middlewares/ST/STM32_USB_Device_Library/Core/Src/usbd_core.o
 .debug_macro   0x0000000000021170      0x1f5 ./Middlewares/ST/STM32_USB_Device_Library/Core/Src/usbd_core.o
 .debug_macro   0x0000000000021365      0x3eb ./Middlewares/ST/STM32_USB_Device_Library/Core/Src/usbd_ctlreq.o
 .debug_macro   0x0000000000021750      0x3e7 ./Middlewares/ST/STM32_USB_Device_Library/Core/Src/usbd_ioreq.o
 .debug_macro   0x0000000000021b37      0x41a ./USB_DEVICE/App/usb_device.o
 .debug_macro   0x0000000000021f51       0x22 ./USB_DEVICE/App/usb_device.o
 .debug_macro   0x0000000000021f73       0x22 ./USB_DEVICE/App/usb_device.o
 .debug_macro   0x0000000000021f95       0x16 ./USB_DEVICE/App/usb_device.o
 .debug_macro   0x0000000000021fab      0x405 ./USB_DEVICE/App/usbd_cdc_if.o
 .debug_macro   0x00000000000223b0      0x424 ./USB_DEVICE/App/usbd_desc.o
 .debug_macro   0x00000000000227d4       0x1c ./USB_DEVICE/App/usbd_desc.o
 .debug_macro   0x00000000000227f0      0x3fe ./USB_DEVICE/Target/usbd_conf.o

.debug_line     0x0000000000000000    0x11ebc
 .debug_line    0x0000000000000000      0x903 ./Core/Src/bootloader.o
 .debug_line    0x0000000000000903      0xb0a ./Core/Src/main.o
 .debug_line    0x000000000000140d      0x6d0 ./Core/Src/stm32l4xx_hal_msp.o
 .debug_line    0x0000000000001add      0x7ab ./Core/Src/stm32l4xx_it.o
 .debug_line    0x0000000000002288      0x768 ./Core/Src/system_stm32l4xx.o
 .debug_line    0x00000000000029f0       0x88 ./Core/Startup/startup_stm32l432kcux.o
 .debug_line    0x0000000000002a78      0xa2d ./Drivers/STM32L4xx_HAL_Driver/Src/stm32l4xx_hal.o
 .debug_line    0x00000000000034a5      0xc67 ./Drivers/STM32L4xx_HAL_Driver/Src/stm32l4xx_hal_cortex.o
 .debug_line    0x000000000000410c      0xa5b ./Drivers/STM32L4xx_HAL_Driver/Src/stm32l4xx_hal_flash.o
 .debug_line    0x0000000000004b67      0xab7 ./Drivers/STM32L4xx_HAL_Driver/Src/stm32l4xx_hal_gpio.o
 .debug_line    0x000000000000561e     0x1383 ./Drivers/STM32L4xx_HAL_Driver/Src/stm32l4xx_hal_pcd.o
 .debug_line    0x00000000000069a1      0x839 ./Drivers/STM32L4xx_HAL_Driver/Src/stm32l4xx_hal_pcd_ex.o
 .debug_line    0x00000000000071da      0x89d ./Drivers/STM32L4xx_HAL_Driver/Src/stm32l4xx_hal_pwr.o
 .debug_line    0x0000000000007a77      0xbbf ./Drivers/STM32L4xx_HAL_Driver/Src/stm32l4xx_hal_pwr_ex.o
 .debug_line    0x0000000000008636      0xf78 ./Drivers/STM32L4xx_HAL_Driver/Src/stm32l4xx_hal_rcc.o
 .debug_line    0x00000000000095ae     0x1292 ./Drivers/STM32L4xx_HAL_Driver/Src/stm32l4xx_hal_rcc_ex.o
 .debug_line    0x000000000000a840     0x1024 ./Drivers/STM32L4xx_HAL_Driver/Src/stm32l4xx_ll_usb.o
 .debug_line    0x000000000000b864      0xd9b ./Middlewares/ST/STM32_USB_Device_Library/Class/CDC/Src/usbd_cdc.o
 .debug_line    0x000000000000c5ff      0xe1e ./Middlewares/ST/STM32_USB_Device_Library/Core/Src/usbd_core.o
 .debug_line    0x000000000000d41d     0x10be ./Middlewares/ST/STM32_USB_Device_Library/Core/Src/usbd_ctlreq.o
 .debug_line    0x000000000000e4db      0xa75 ./Middlewares/ST/STM32_USB_Device_Library/Core/Src/usbd_ioreq.o
 .debug_line    0x000000000000ef50      0xa31 ./USB_DEVICE/App/usb_device.o
 .debug_line    0x000000000000f981      0xa94 ./USB_DEVICE/App/usbd_cdc_if.o
 .debug_line    0x0000000000010415      0xb15 ./USB_DEVICE/App/usbd_desc.o
 .debug_line    0x0000000000010f2a      0xf92 ./USB_DEVICE/Target/usbd_conf.o

.debug_str      0x0000000000000000    0xc14f3
 .debug_str     0x0000000000000000    0xbb663 ./Core/Src/bootloader.o
                                      0xbb946 (size before relaxing)
 .debug_str     0x00000000000bb663     0x202a ./Core/Src/main.o
                                      0xbd8a0 (size before relaxing)
 .debug_str     0x00000000000bd68d       0x2c ./Core/Src/stm32l4xx_hal_msp.o
                                      0xb8902 (size before relaxing)
 .debug_str     0x00000000000bd6b9      0x41c ./Core/Src/stm32l4xx_it.o
                                      0xb8c45 (size before relaxing)
 .debug_str     0x00000000000bdad5       0xf2 ./Core/Src/system_stm32l4xx.o
                                      0xb896a (size before relaxing)
 .debug_str     0x00000000000bdbc7       0x36 ./Core/Startup/startup_stm32l432kcux.o
                                         0xaf (size before relaxing)
 .debug_str     0x00000000000bdbfd      0x8dc ./Drivers/STM32L4xx_HAL_Driver/Src/stm32l4xx_hal.o
                                      0xb92f7 (size before relaxing)
 .debug_str     0x00000000000be4d9      0x350 ./Drivers/STM32L4xx_HAL_Driver/Src/stm32l4xx_hal_cortex.o
                                      0xb9098 (size before relaxing)
 .debug_str     0x00000000000be829      0x3dc ./Drivers/STM32L4xx_HAL_Driver/Src/stm32l4xx_hal_flash.o
                                      0xb8be9 (size before relaxing)
 .debug_str     0x00000000000bec05      0x104 ./Drivers/STM32L4xx_HAL_Driver/Src/stm32l4xx_hal_gpio.o
                                      0xb8ade (size before relaxing)
 .debug_str     0x00000000000bed09      0x5b8 ./Drivers/STM32L4xx_HAL_Driver/Src/stm32l4xx_hal_pcd.o
                                      0xb9149 (size before relaxing)
 .debug_str     0x00000000000bf2c1      0x186 ./Drivers/STM32L4xx_HAL_Driver/Src/stm32l4xx_hal_pcd_ex.o
                                      0xb8d34 (size before relaxing)
 .debug_str     0x00000000000bf447      0x333 ./Drivers/STM32L4xx_HAL_Driver/Src/stm32l4xx_hal_pwr.o
                                      0xb8cb4 (size before relaxing)
 .debug_str     0x00000000000bf77a      0x369 ./Drivers/STM32L4xx_HAL_Driver/Src/stm32l4xx_hal_pwr_ex.o
                                      0xb8e12 (size before relaxing)
 .debug_str     0x00000000000bfae3      0x336 ./Drivers/STM32L4xx_HAL_Driver/Src/stm32l4xx_hal_rcc.o
                                      0xb8f6a (size before relaxing)
 .debug_str     0x00000000000bfe19      0x6b4 ./Drivers/STM32L4xx_HAL_Driver/Src/stm32l4xx_hal_rcc_ex.o
                                      0xb91ca (size before relaxing)
 .debug_str     0x00000000000c04cd      0x124 ./Drivers/STM32L4xx_HAL_Driver/Src/stm32l4xx_ll_usb.o
                                      0xb8cd1 (size before relaxing)
 .debug_str     0x00000000000c05f1      0x684 ./Middlewares/ST/STM32_USB_Device_Library/Class/CDC/Src/usbd_cdc.o
                                      0xbde77 (size before relaxing)
 .debug_str     0x00000000000c0c75      0x281 ./Middlewares/ST/STM32_USB_Device_Library/Core/Src/usbd_core.o
                                      0xbd730 (size before relaxing)
 .debug_str     0x00000000000c0ef6      0x147 ./Middlewares/ST/STM32_USB_Device_Library/Core/Src/usbd_ctlreq.o
                                      0xbd682 (size before relaxing)
 .debug_str     0x00000000000c103d       0x51 ./Middlewares/ST/STM32_USB_Device_Library/Core/Src/usbd_ioreq.o
                                      0xbd577 (size before relaxing)
 .debug_str     0x00000000000c108e       0xc6 ./USB_DEVICE/App/usb_device.o
                                      0xbd92a (size before relaxing)
 .debug_str     0x00000000000c1154       0x8a ./USB_DEVICE/App/usbd_cdc_if.o
                                      0xbd96a (size before relaxing)
 .debug_str     0x00000000000c11de      0x298 ./USB_DEVICE/App/usbd_desc.o
                                      0xbd4c4 (size before relaxing)
 .debug_str     0x00000000000c1476       0x7d ./USB_DEVICE/Target/usbd_conf.o
                                      0xbe7c4 (size before relaxing)

.comment        0x0000000000000000       0x50
 .comment       0x0000000000000000       0x50 ./Core/Src/bootloader.o
                                         0x51 (size before relaxing)
 .comment       0x0000000000000050       0x51 ./Core/Src/main.o
 .comment       0x0000000000000050       0x51 ./Core/Src/stm32l4xx_hal_msp.o
 .comment       0x0000000000000050       0x51 ./Core/Src/stm32l4xx_it.o
 .comment       0x0000000000000050       0x51 ./Core/Src/system_stm32l4xx.o
 .comment       0x0000000000000050       0x51 ./Drivers/STM32L4xx_HAL_Driver/Src/stm32l4xx_hal.o
 .comment       0x0000000000000050       0x51 ./Drivers/STM32L4xx_HAL_Driver/Src/stm32l4xx_hal_cortex.o
 .comment       0x0000000000000050       0x51 ./Drivers/STM32L4xx_HAL_Driver/Src/stm32l4xx_hal_flash.o
 .comment       0x0000000000000050       0x51 ./Drivers/STM32L4xx_HAL_Driver/Src/stm32l4xx_hal_gpio.o
 .comment       0x0000000000000050       0x51 ./Drivers/STM32L4xx_HAL_Driver/Src/stm32l4xx_hal_pcd.o
 .comment       0x0000000000000050       0x51 ./Drivers/STM32L4xx_HAL_Driver/Src/stm32l4xx_hal_pcd_ex.o
 .comment       0x0000000000000050       0x51 ./Drivers/STM32L4xx_HAL_Driver/Src/stm32l4xx_hal_pwr.o
 .comment       0x0000000000000050       0x51 ./Drivers/STM32L4xx_HAL_Driver/Src/stm32l4xx_hal_pwr_ex.o
 .comment       0x0000000000000050       0x51 ./Drivers/STM32L4xx_HAL_Driver/Src/stm32l4xx_hal_rcc.o
 .comment       0x0000000000000050       0x51 ./Drivers/STM32L4xx_HAL_Driver/Src/stm32l4xx_hal_rcc_ex.o
 .comment       0x0000000000000050       0x51 ./Drivers/STM32L4xx_HAL_Driver/Src/stm32l4xx_ll_usb.o
 .comment       0x0000000000000050       0x51 ./Middlewares/ST/STM32_USB_Device_Library/Class/CDC/Src/usbd_cdc.o
 .comment       0x0000000000000050       0x51 ./Middlewares/ST/STM32_USB_Device_Library/Core/Src/usbd_core.o
 .comment       0x0000000000000050       0x51 ./Middlewares/ST/STM32_USB_Device_Library/Core/Src/usbd_ctlreq.o
 .comment       0x0000000000000050       0x51 ./Middlewares/ST/STM32_USB_Device_Library/Core/Src/usbd_ioreq.o
 .comment       0x0000000000000050       0x51 ./USB_DEVICE/App/usb_device.o
 .comment       0x0000000000000050       0x51 ./USB_DEVICE/App/usbd_cdc_if.o
 .comment       0x0000000000000050       0x51 ./USB_DEVICE/App/usbd_desc.o
 .comment       0x0000000000000050       0x51 ./USB_DEVICE/Target/usbd_conf.o

.debug_frame    0x0000000000000000     0x36b0
 .debug_frame   0x0000000000000000       0xb8 ./Core/Src/bootloader.o
 .debug_frame   0x00000000000000b8       0x90 ./Core/Src/main.o
 .debug_frame   0x0000000000000148       0x38 ./Core/Src/stm32l4xx_hal_msp.o
 .debug_frame   0x0000000000000180      0x120 ./Core/Src/stm32l4xx_it.o
 .debug_frame   0x00000000000002a0       0x58 ./Core/Src/system_stm32l4xx.o
 .debug_frame   0x00000000000002f8      0x3dc ./Drivers/STM32L4xx_HAL_Driver/Src/stm32l4xx_hal.o
 .debug_frame   0x00000000000006d4      0x498 ./Drivers/STM32L4xx_HAL_Driver/Src/stm32l4xx_hal_cortex.o
 .debug_frame   0x0000000000000b6c      0x204 ./Drivers/STM32L4xx_HAL_Driver/Src/stm32l4xx_hal_flash.o
 .debug_frame   0x0000000000000d70      0x14c ./Drivers/STM32L4xx_HAL_Driver/Src/stm32l4xx_hal_gpio.o
 .debug_frame   0x0000000000000ebc      0x574 ./Drivers/STM32L4xx_HAL_Driver/Src/stm32l4xx_hal_pcd.o
 .debug_frame   0x0000000000001430      0x14c ./Drivers/STM32L4xx_HAL_Driver/Src/stm32l4xx_hal_pcd_ex.o
 .debug_frame   0x000000000000157c      0x230 ./Drivers/STM32L4xx_HAL_Driver/Src/stm32l4xx_hal_pwr.o
 .debug_frame   0x00000000000017ac      0x4a4 ./Drivers/STM32L4xx_HAL_Driver/Src/stm32l4xx_hal_pwr_ex.o
 .debug_frame   0x0000000000001c50      0x21c ./Drivers/STM32L4xx_HAL_Driver/Src/stm32l4xx_hal_rcc.o
 .debug_frame   0x0000000000001e6c      0x3d0 ./Drivers/STM32L4xx_HAL_Driver/Src/stm32l4xx_hal_rcc_ex.o
 .debug_frame   0x000000000000223c      0x478 ./Drivers/STM32L4xx_HAL_Driver/Src/stm32l4xx_ll_usb.o
 .debug_frame   0x00000000000026b4      0x248 ./Middlewares/ST/STM32_USB_Device_Library/Class/CDC/Src/usbd_cdc.o
 .debug_frame   0x00000000000028fc      0x2f4 ./Middlewares/ST/STM32_USB_Device_Library/Core/Src/usbd_core.o
 .debug_frame   0x0000000000002bf0      0x23c ./Middlewares/ST/STM32_USB_Device_Library/Core/Src/usbd_ctlreq.o
 .debug_frame   0x0000000000002e2c      0x10c ./Middlewares/ST/STM32_USB_Device_Library/Core/Src/usbd_ioreq.o
 .debug_frame   0x0000000000002f38       0x2c ./USB_DEVICE/App/usb_device.o
 .debug_frame   0x0000000000002f64       0xe4 ./USB_DEVICE/App/usbd_cdc_if.o
 .debug_frame   0x0000000000003048      0x188 ./USB_DEVICE/App/usbd_desc.o
 .debug_frame   0x00000000000031d0      0x494 ./USB_DEVICE/Target/usbd_conf.o
 .debug_frame   0x0000000000003664       0x2c c:/st/stm32cubeide_1.10.1/stm32cubeide/plugins/com.st.stm32cube.ide.mcu.externaltools.gnu-tools-for-stm32.10.3-2021.10.win32_1.0.0.202111181127/tools/bin/../lib/gcc/arm-none-eabi/10.3.1/../../../../arm-none-eabi/lib/thumb/v7e-m+fp/hard\libc_nano.a(lib_a-init.o)
 .debug_frame   0x0000000000003690       0x20 c:/st/stm32cubeide_1.10.1/stm32cubeide/plugins/com.st.stm32cube.ide.mcu.externaltools.gnu-tools-for-stm32.10.3-2021.10.win32_1.0.0.202111181127/tools/bin/../lib/gcc/arm-none-eabi/10.3.1/../../../../arm-none-eabi/lib/thumb/v7e-m+fp/hard\libc_nano.a(lib_a-memset.o)
