../Drivers/CMSIS/Include/core_cm4.h:2059:26:ITM_SendChar	16	static,ignoring_inline_asm
../Core/Src/driver.c:84:7:base64_encode	56	static
../Core/Src/driver.c:118:6:is_message_available	4	static
../Core/Src/driver.c:131:6:is_evt_pin_high	8	static
../Core/Src/driver.c:136:6:reset_astronode	8	static
../Core/Src/driver.c:145:6:send_debug_logs	24	static
../Core/Src/driver.c:159:6:send_astronode_request	16	static
../Core/Src/driver.c:167:6:is_astronode_character_received	16	static
../Core/Src/driver.c:172:10:get_systick	8	static
../Core/Src/driver.c:177:6:is_systick_timeout_over	16	static
../Core/Src/driver.c:182:6:conect_wifi	232	static
../Core/Src/driver.c:200:6:send_data_astrocat	192	static
../Core/Src/driver.c:223:6:_main_	1304	static
../Core/Src/driver.c:252:6:set_date_time	32	static
../Core/Src/driver.c:276:6:get_time	64	static
../Core/Src/driver.c:310:6:Req_data_Modbbus	16	static
../Core/Src/driver.c:317:6:modbus	440	static
../Core/Src/driver.c:397:5:_write	32	static
../Core/Src/driver.c:405:6:p2p_driver_init	8	static
../Core/Src/driver.c:420:6:SystemClock_Config	96	static
../Core/Src/driver.c:460:6:PeriphCommonClock_Config	96	static
../Core/Src/driver.c:481:13:MX_ADC1_Init	32	static
../Core/Src/driver.c:520:13:MX_RNG_Init	8	static
../Core/Src/driver.c:531:13:MX_RTC_Init	8	static
../Core/Src/driver.c:549:13:MX_USART1_UART_Init	8	static
../Core/Src/driver.c:569:13:MX_USART2_UART_Init	8	static
../Core/Src/driver.c:589:13:MX_GPIO_Init	40	static
../Core/Src/driver.c:620:6:Error_Handler	4	static,ignoring_inline_asm
